2021-08-17T13:38:41.412721+00:00 WARNING rsyslogd[627]: warning: ~ action is deprecated, consider using the 'stop' statement instead [v8.1904.0 try https://www.rsyslog.com/e/2307 ]
2021-08-17T13:38:41.412810+00:00 WARNING rsyslogd[627]:  message repeated 3 times: [warning: ~ action is deprecated, consider using the 'stop' statement instead [v8.1904.0 try https://www.rsyslog.com/e/2307 ]]
2021-08-17T13:38:41.412894+00:00 INFO rsyslogd[627]: rsyslogd's groupid changed to 202
2021-08-17T13:38:41.412951+00:00 INFO rsyslogd[627]: rsyslogd's userid changed to 202
2021-08-17T13:38:41.413009+00:00 INFO rsyslogd[627]:  [origin software="rsyslogd" swVersion="8.1904.0" x-pid="627" x-info="https://www.rsyslog.com"] start
2021-08-17T13:38:41.414630+00:00 INFO crash_reporter[629]: IsReallyTestImage() : return false temporary
2021-08-17T13:38:41.419312+00:00 INFO crash_reporter[629]: Enabling user crash handling
2021-08-17T13:38:41.421021+00:00 NOTICE kernel: [    0.000000] Linux version 5.4.58 (whale@whale-TRX40-AORUS-PRO-WIFI) (Chromium OS 11.0_pre394483_p20200618-r9 clang version 11.0.0 (/var/cache/chromeos-cache/distfiles/egit-src/llvm-project b726d071b4aa46004228fc38ee5bfd167f999bfe)) #99 SMP PREEMPT Fri Aug 13 11:59:48 KST 2021
2021-08-17T13:38:41.421037+00:00 INFO kernel: [    0.000000] Command line: BOOT_IMAGE=/syslinux/vmlinuz.A init=/sbin/init boot=local rootwait ro noresume noswap loglevel=7 noinitrd console= i915.modeset=1 cros_efi cros_debug root=PARTUUID=C4F6787B-4E4C-8844-B1B1-7A99C5F54B3F
2021-08-17T13:38:41.421039+00:00 INFO kernel: [    0.000000] KERNEL supported cpus:
2021-08-17T13:38:41.421040+00:00 INFO kernel: [    0.000000]   Intel GenuineIntel
2021-08-17T13:38:41.421041+00:00 INFO kernel: [    0.000000]   AMD AuthenticAMD
2021-08-17T13:38:41.421042+00:00 INFO kernel: [    0.000000]   Hygon HygonGenuine
2021-08-17T13:38:41.421043+00:00 INFO kernel: [    0.000000]   Centaur CentaurHauls
2021-08-17T13:38:41.421047+00:00 INFO kernel: [    0.000000]   zhaoxin   Shanghai  
2021-08-17T13:38:41.421048+00:00 INFO kernel: [    0.000000] x86/fpu: Supporting XSAVE feature 0x001: 'x87 floating point registers'
2021-08-17T13:38:41.421050+00:00 INFO kernel: [    0.000000] x86/fpu: Supporting XSAVE feature 0x002: 'SSE registers'
2021-08-17T13:38:41.421051+00:00 INFO kernel: [    0.000000] x86/fpu: Supporting XSAVE feature 0x008: 'MPX bounds registers'
2021-08-17T13:38:41.421052+00:00 INFO kernel: [    0.000000] x86/fpu: Supporting XSAVE feature 0x010: 'MPX CSR'
2021-08-17T13:38:41.421053+00:00 INFO kernel: [    0.000000] x86/fpu: xstate_offset[3]:  576, xstate_sizes[3]:   64
2021-08-17T13:38:41.421055+00:00 INFO kernel: [    0.000000] x86/fpu: xstate_offset[4]:  640, xstate_sizes[4]:   64
2021-08-17T13:38:41.421057+00:00 INFO kernel: [    0.000000] x86/fpu: Enabled xstate features 0x1b, context size is 704 bytes, using 'compacted' format.
2021-08-17T13:38:41.421058+00:00 INFO kernel: [    0.000000] BIOS-provided physical RAM map:
2021-08-17T13:38:41.421059+00:00 INFO kernel: [    0.000000] BIOS-e820: [mem 0x0000000000000000-0x000000000003dfff] usable
2021-08-17T13:38:41.421060+00:00 INFO kernel: [    0.000000] BIOS-e820: [mem 0x000000000003e000-0x000000000003efff] reserved
2021-08-17T13:38:41.421061+00:00 INFO kernel: [    0.000000] BIOS-e820: [mem 0x000000000003f000-0x0000000000057fff] usable
2021-08-17T13:38:41.421062+00:00 INFO kernel: [    0.000000] BIOS-e820: [mem 0x0000000000058000-0x0000000000058fff] reserved
2021-08-17T13:38:41.421065+00:00 INFO kernel: [    0.000000] BIOS-e820: [mem 0x0000000000059000-0x000000000009dfff] usable
2021-08-17T13:38:41.421066+00:00 INFO kernel: [    0.000000] BIOS-e820: [mem 0x000000000009e000-0x00000000000fffff] reserved
2021-08-17T13:38:41.421067+00:00 INFO kernel: [    0.000000] BIOS-e820: [mem 0x0000000000100000-0x000000000fffffff] usable
2021-08-17T13:38:41.424033+00:00 INFO kernel: [    0.000000] BIOS-e820: [mem 0x0000000010000000-0x0000000012150fff] reserved
2021-08-17T13:38:41.424044+00:00 INFO kernel: [    0.000000] BIOS-e820: [mem 0x0000000012151000-0x0000000075c43fff] usable
2021-08-17T13:38:41.424045+00:00 INFO kernel: [    0.000000] BIOS-e820: [mem 0x0000000075c44000-0x00000000794bdfff] reserved
2021-08-17T13:38:41.424046+00:00 INFO kernel: [    0.000000] BIOS-e820: [mem 0x00000000794be000-0x00000000794fffff] ACPI data
2021-08-17T13:38:41.424047+00:00 INFO kernel: [    0.000000] BIOS-e820: [mem 0x0000000079500000-0x000000007955ffff] ACPI NVS
2021-08-17T13:38:41.424048+00:00 INFO kernel: [    0.000000] BIOS-e820: [mem 0x0000000079560000-0x000000007998bfff] reserved
2021-08-17T13:38:41.424050+00:00 INFO kernel: [    0.000000] BIOS-e820: [mem 0x000000007998c000-0x000000007a751fff] usable
2021-08-17T13:38:41.424051+00:00 INFO kernel: [    0.000000] BIOS-e820: [mem 0x000000007a752000-0x000000007a7fdfff] reserved
2021-08-17T13:38:41.424052+00:00 INFO kernel: [    0.000000] BIOS-e820: [mem 0x000000007a7fe000-0x000000007abfffff] usable
2021-08-17T13:38:41.424053+00:00 INFO kernel: [    0.000000] BIOS-e820: [mem 0x000000007ac00000-0x000000007fffffff] reserved
2021-08-17T13:38:41.424054+00:00 INFO kernel: [    0.000000] BIOS-e820: [mem 0x00000000d0000000-0x00000000d0ffffff] reserved
2021-08-17T13:38:41.424055+00:00 INFO kernel: [    0.000000] BIOS-e820: [mem 0x00000000d3709000-0x00000000d3709fff] reserved
2021-08-17T13:38:41.424056+00:00 INFO kernel: [    0.000000] BIOS-e820: [mem 0x00000000e0000000-0x00000000efffffff] reserved
2021-08-17T13:38:41.424057+00:00 INFO kernel: [    0.000000] BIOS-e820: [mem 0x00000000fe042000-0x00000000fe044fff] reserved
2021-08-17T13:38:41.424058+00:00 INFO kernel: [    0.000000] BIOS-e820: [mem 0x00000000fe900000-0x00000000fe902fff] reserved
2021-08-17T13:38:41.424059+00:00 INFO kernel: [    0.000000] BIOS-e820: [mem 0x00000000fec00000-0x00000000fec00fff] reserved
2021-08-17T13:38:41.424060+00:00 INFO kernel: [    0.000000] BIOS-e820: [mem 0x00000000fed01000-0x00000000fed01fff] reserved
2021-08-17T13:38:41.424061+00:00 INFO kernel: [    0.000000] BIOS-e820: [mem 0x00000000fee00000-0x00000000fee00fff] reserved
2021-08-17T13:38:41.424062+00:00 INFO kernel: [    0.000000] BIOS-e820: [mem 0x00000000ff800000-0x00000000ffffffff] reserved
2021-08-17T13:38:41.424063+00:00 INFO kernel: [    0.000000] BIOS-e820: [mem 0x0000000100000000-0x000000017fffffff] usable
2021-08-17T13:38:41.424064+00:00 INFO kernel: [    0.000000] NX (Execute Disable) protection: active
2021-08-17T13:38:41.424065+00:00 INFO kernel: [    0.000000] efi: EFI v2.70 by American Megatrends
2021-08-17T13:38:41.424066+00:00 INFO kernel: [    0.000000] efi:  ACPI=0x794ff000  ACPI 2.0=0x794ff014  TPMFinalLog=0x7952d000  SMBIOS=0x7978d000  SMBIOS 3.0=0x7978c000  MEMATTR=0x72b45018  ESRT=0x74c96618  TPMEventLog=0x7162a018 
2021-08-17T13:38:41.424067+00:00 INFO kernel: [    0.000000] SMBIOS 3.2.0 present.
2021-08-17T13:38:41.424071+00:00 INFO kernel: [    0.000000] DMI: LG Electronics 14U30P-AAAAK/14U30P, BIOS 14U30PT02 06/15/2021
2021-08-17T13:38:41.424073+00:00 INFO kernel: [    0.000000] tsc: Fast TSC calibration using PIT
2021-08-17T13:38:41.424074+00:00 INFO kernel: [    0.000000] tsc: Initial usec timer 7798720
2021-08-17T13:38:41.424075+00:00 INFO kernel: [    0.000000] tsc: Detected 1094.400 MHz processor
2021-08-17T13:38:41.424076+00:00 DEBUG kernel: [    0.000032] e820: update [mem 0x00000000-0x00000fff] usable ==> reserved
2021-08-17T13:38:41.424078+00:00 DEBUG kernel: [    0.000037] e820: remove [mem 0x000a0000-0x000fffff] usable
2021-08-17T13:38:41.424081+00:00 INFO kernel: [    0.000065] last_pfn = 0x180000 max_arch_pfn = 0x400000000
2021-08-17T13:38:41.424083+00:00 DEBUG kernel: [    0.000072] MTRR default type: uncachable
2021-08-17T13:38:41.424084+00:00 DEBUG kernel: [    0.000074] MTRR fixed ranges enabled:
2021-08-17T13:38:41.424085+00:00 DEBUG kernel: [    0.000077]   00000-9FFFF write-back
2021-08-17T13:38:41.424086+00:00 DEBUG kernel: [    0.000079]   A0000-BFFFF uncachable
2021-08-17T13:38:41.424087+00:00 DEBUG kernel: [    0.000081]   C0000-FFFFF write-protect
2021-08-17T13:38:41.424090+00:00 DEBUG kernel: [    0.000083] MTRR variable ranges enabled:
2021-08-17T13:38:41.424091+00:00 DEBUG kernel: [    0.000087]   0 base 00FF800000 mask 7FFF800000 write-combining
2021-08-17T13:38:41.424093+00:00 DEBUG kernel: [    0.000090]   1 base 0000000000 mask 7F80000000 write-back
2021-08-17T13:38:41.424094+00:00 DEBUG kernel: [    0.000093]   2 base 007B000000 mask 7FFF000000 uncachable
2021-08-17T13:38:41.424095+00:00 DEBUG kernel: [    0.000095]   3 base 007C000000 mask 7FFC000000 uncachable
2021-08-17T13:38:41.424096+00:00 DEBUG kernel: [    0.000097]   4 base 0100000000 mask 7F80000000 write-back
2021-08-17T13:38:41.424097+00:00 DEBUG kernel: [    0.000100]   5 base 0080100000 mask 7FFFF00000 write-through
2021-08-17T13:38:41.424100+00:00 DEBUG kernel: [    0.000102]   6 base 0090000000 mask 7FF0000000 write-combining
2021-08-17T13:38:41.424101+00:00 DEBUG kernel: [    0.000104]   7 disabled
2021-08-17T13:38:41.424102+00:00 DEBUG kernel: [    0.000105]   8 disabled
2021-08-17T13:38:41.424103+00:00 DEBUG kernel: [    0.000106]   9 disabled
2021-08-17T13:38:41.424104+00:00 INFO kernel: [    0.000224] x86/PAT: Configuration [0-7]: WB  WC  UC- UC  WB  WP  UC- WT  
2021-08-17T13:38:41.424105+00:00 INFO kernel: [    0.000450] last_pfn = 0x7ac00 max_arch_pfn = 0x400000000
2021-08-17T13:38:41.424110+00:00 INFO kernel: [    0.008940] esrt: Reserving ESRT space from 0x0000000074c96618 to 0x0000000074c96650.
2021-08-17T13:38:41.424112+00:00 DEBUG kernel: [    0.008953] e820: update [mem 0x74c96000-0x74c96fff] usable ==> reserved
2021-08-17T13:38:41.424113+00:00 INFO kernel: [    0.009015] check: Scanning 1 areas for low memory corruption
2021-08-17T13:38:41.424116+00:00 INFO kernel: [    0.009030] Using GB pages for direct mapping
2021-08-17T13:38:41.424168+00:00 INFO kernel: [    0.010059] Secure boot disabled
2021-08-17T13:38:41.424171+00:00 INFO kernel: [    0.010073] ACPI: Early table checksum verification disabled
2021-08-17T13:38:41.424172+00:00 INFO kernel: [    0.010080] ACPI: RSDP 0x00000000794FF014 000024 (v02 LGE   )
2021-08-17T13:38:41.424176+00:00 INFO kernel: [    0.010089] ACPI: XSDT 0x00000000794FE728 0000F4 (v01 LGE    LGPC     01072009 AMI  01000013)
2021-08-17T13:38:41.424178+00:00 INFO kernel: [    0.010102] ACPI: FACP 0x00000000794FD000 000114 (v06 LGE    LGPC     01072009 AMI  00010013)
2021-08-17T13:38:41.424179+00:00 INFO kernel: [    0.010115] ACPI: DSDT 0x00000000794E7000 01543D (v02 LGE    LGPC     01072009 INTL 20160930)
2021-08-17T13:38:41.424181+00:00 INFO kernel: [    0.010124] ACPI: FACS 0x000000007955F000 000040
2021-08-17T13:38:41.424182+00:00 INFO kernel: [    0.010131] ACPI: FPDT 0x00000000794E6000 000044 (v01 LGE    LGPC     01072009 AMI  00010013)
2021-08-17T13:38:41.424183+00:00 INFO kernel: [    0.010139] ACPI: FIDT 0x00000000794E5000 00009C (v01 LGE    LGPC     01072009 AMI  00010013)
2021-08-17T13:38:41.424186+00:00 INFO kernel: [    0.010147] ACPI: MSDM 0x00000000794E4000 000055 (v03 LGE    LGPC     01072009 AMI  01000013)
2021-08-17T13:38:41.424188+00:00 INFO kernel: [    0.010155] ACPI: MCFG 0x00000000794E3000 00003C (v01 LGE    LGPC     01072009 MSFT 00000097)
2021-08-17T13:38:41.424189+00:00 INFO kernel: [    0.010163] ACPI: PMCT 0x00000000794E2000 000052 (v01                 00000000      00000000)
2021-08-17T13:38:41.424190+00:00 INFO kernel: [    0.010171] ACPI: SSDT 0x00000000794E1000 0000B1 (v01 Intel_ ADebTabl 00001000 INTL 20160930)
2021-08-17T13:38:41.424191+00:00 INFO kernel: [    0.010179] ACPI: DBG2 0x00000000794E0000 000072 (v00 INTEL  GLK-SOC  00000003 BRXT 0100000D)
2021-08-17T13:38:41.424192+00:00 INFO kernel: [    0.010187] ACPI: DBGP 0x00000000794DF000 000034 (v01 INTEL  GLK-SOC  00000003 BRXT 0100000D)
2021-08-17T13:38:41.424195+00:00 INFO kernel: [    0.010194] ACPI: HPET 0x00000000794DD000 000038 (v01 INTEL  GLK-SOC  00000003 BRXT 0100000D)
2021-08-17T13:38:41.424196+00:00 INFO kernel: [    0.010202] ACPI: LPIT 0x00000000794DC000 00005C (v01 INTEL  GLK-SOC  00000003 BRXT 0100000D)
2021-08-17T13:38:41.424197+00:00 INFO kernel: [    0.010210] ACPI: APIC 0x00000000794DB000 000084 (v04 INTEL  GLK-SOC  00000003 BRXT 0100000D)
2021-08-17T13:38:41.424198+00:00 INFO kernel: [    0.010217] ACPI: NPKT 0x00000000794DA000 000065 (v01 INTEL  GLK-SOC  00000003 BRXT 0100000D)
2021-08-17T13:38:41.424199+00:00 INFO kernel: [    0.010225] ACPI: SSDT 0x00000000794D7000 00149D (v02 INTEL  DptfTab  00000003 BRXT 0100000D)
2021-08-17T13:38:41.424201+00:00 INFO kernel: [    0.010233] ACPI: SSDT 0x00000000794D6000 00014E (v01 Intel_ Platform 00001000 INTL 20160930)
2021-08-17T13:38:41.424202+00:00 INFO kernel: [    0.010241] ACPI: SSDT 0x00000000794D5000 000472 (v02 PmRef  Cpu0Ist  00003000 INTL 20160930)
2021-08-17T13:38:41.424204+00:00 INFO kernel: [    0.010249] ACPI: SSDT 0x00000000794D4000 000775 (v02 CpuRef CpuSsdt  00003000 INTL 20160930)
2021-08-17T13:38:41.424206+00:00 INFO kernel: [    0.010257] ACPI: SSDT 0x00000000794D3000 00035F (v02 PmRef  Cpu0Tst  00003000 INTL 20160930)
2021-08-17T13:38:41.424207+00:00 INFO kernel: [    0.010264] ACPI: SSDT 0x00000000794D2000 0001E6 (v02 PmRef  ApTst    00003000 INTL 20160930)
2021-08-17T13:38:41.424208+00:00 INFO kernel: [    0.010272] ACPI: ECDT 0x00000000794D1000 0000C1 (v01 OEM    OEM      00000001 OEM. 00000003)
2021-08-17T13:38:41.424300+00:00 INFO kernel: [    0.010280] ACPI: SSDT 0x00000000794CE000 00286F (v02 SaSsdt SaSsdt   00003000 INTL 20160930)
2021-08-17T13:38:41.424302+00:00 INFO kernel: [    0.010288] ACPI: BGRT 0x00000000794CD000 000038 (v01 LGE    LGPC     01072009 AMI  00010013)
2021-08-17T13:38:41.424306+00:00 INFO kernel: [    0.010295] ACPI: TPM2 0x00000000794CC000 000034 (v04 LGE    LGPC     00000001 AMI  00000000)
2021-08-17T13:38:41.424307+00:00 INFO kernel: [    0.010303] ACPI: DMAR 0x00000000794DE000 0000A8 (v01 INTEL  GLK-SOC  00000003 BRXT 0100000D)
2021-08-17T13:38:41.424308+00:00 INFO kernel: [    0.010311] ACPI: WDAT 0x00000000794CB000 000104 (v01                 00000000      00000000)
2021-08-17T13:38:41.424309+00:00 INFO kernel: [    0.010319] ACPI: WSMT 0x00000000794D9000 000028 (v01 LGE    LGPC     01072009 AMI  00010013)
2021-08-17T13:38:41.424310+00:00 DEBUG kernel: [    0.010336] ACPI: Local APIC address 0xfee00000
2021-08-17T13:38:41.424311+00:00 INFO kernel: [    0.010378] Zone ranges:
2021-08-17T13:38:41.424312+00:00 INFO kernel: [    0.010382]   DMA      [mem 0x0000000000001000-0x0000000000ffffff]
2021-08-17T13:38:41.424316+00:00 INFO kernel: [    0.010386]   DMA32    [mem 0x0000000001000000-0x00000000ffffffff]
2021-08-17T13:38:41.424318+00:00 INFO kernel: [    0.010391]   Normal   [mem 0x0000000100000000-0x000000017fffffff]
2021-08-17T13:38:41.424319+00:00 INFO kernel: [    0.010394] Movable zone start for each node
2021-08-17T13:38:41.424320+00:00 INFO kernel: [    0.010397] Early memory node ranges
2021-08-17T13:38:41.424321+00:00 INFO kernel: [    0.010401]   node   0: [mem 0x0000000000001000-0x000000000003dfff]
2021-08-17T13:38:41.424322+00:00 INFO kernel: [    0.010405]   node   0: [mem 0x000000000003f000-0x0000000000057fff]
2021-08-17T13:38:41.424325+00:00 INFO kernel: [    0.010408]   node   0: [mem 0x0000000000059000-0x000000000009dfff]
2021-08-17T13:38:41.424327+00:00 INFO kernel: [    0.010411]   node   0: [mem 0x0000000000100000-0x000000000fffffff]
2021-08-17T13:38:41.424328+00:00 INFO kernel: [    0.010414]   node   0: [mem 0x0000000012151000-0x0000000075c43fff]
2021-08-17T13:38:41.424329+00:00 INFO kernel: [    0.010417]   node   0: [mem 0x000000007998c000-0x000000007a751fff]
2021-08-17T13:38:41.424330+00:00 INFO kernel: [    0.010420]   node   0: [mem 0x000000007a7fe000-0x000000007abfffff]
2021-08-17T13:38:41.424331+00:00 INFO kernel: [    0.010423]   node   0: [mem 0x0000000100000000-0x000000017fffffff]
2021-08-17T13:38:41.424333+00:00 INFO kernel: [    0.011277] Zeroed struct page in unavailable ranges: 45994 pages
2021-08-17T13:38:41.424335+00:00 INFO kernel: [    0.011280] Initmem setup node 0 [mem 0x0000000000001000-0x000000017fffffff]
2021-08-17T13:38:41.424336+00:00 DEBUG kernel: [    0.011287] On node 0 totalpages: 1002582
2021-08-17T13:38:41.424337+00:00 DEBUG kernel: [    0.011290]   DMA zone: 64 pages used for memmap
2021-08-17T13:38:41.424338+00:00 DEBUG kernel: [    0.011292]   DMA zone: 23 pages reserved
2021-08-17T13:38:41.424338+00:00 DEBUG kernel: [    0.011295]   DMA zone: 3995 pages, LIFO batch:0
2021-08-17T13:38:41.424339+00:00 DEBUG kernel: [    0.011442]   DMA32 zone: 7411 pages used for memmap
2021-08-17T13:38:41.424342+00:00 DEBUG kernel: [    0.011444]   DMA32 zone: 474299 pages, LIFO batch:63
2021-08-17T13:38:41.424343+00:00 DEBUG kernel: [    0.035471]   Normal zone: 8192 pages used for memmap
2021-08-17T13:38:41.424344+00:00 DEBUG kernel: [    0.035473]   Normal zone: 524288 pages, LIFO batch:63
2021-08-17T13:38:41.424345+00:00 INFO kernel: [    0.053906] Reserving Intel graphics memory at [mem 0x7c000000-0x7fffffff]
2021-08-17T13:38:41.424346+00:00 INFO kernel: [    0.054259] ACPI: PM-Timer IO Port: 0x408
2021-08-17T13:38:41.424347+00:00 DEBUG kernel: [    0.054265] ACPI: Local APIC address 0xfee00000
2021-08-17T13:38:41.424350+00:00 INFO kernel: [    0.054279] ACPI: LAPIC_NMI (acpi_id[0x01] high level lint[0x1])
2021-08-17T13:38:41.424352+00:00 INFO kernel: [    0.054283] ACPI: LAPIC_NMI (acpi_id[0x02] high level lint[0x1])
2021-08-17T13:38:41.424353+00:00 INFO kernel: [    0.054286] ACPI: LAPIC_NMI (acpi_id[0x03] high level lint[0x1])
2021-08-17T13:38:41.424354+00:00 INFO kernel: [    0.054289] ACPI: LAPIC_NMI (acpi_id[0x04] high level lint[0x1])
2021-08-17T13:38:41.424355+00:00 INFO kernel: [    0.054327] IOAPIC[0]: apic_id 1, version 32, address 0xfec00000, GSI 0-119
2021-08-17T13:38:41.424356+00:00 INFO kernel: [    0.054333] ACPI: INT_SRC_OVR (bus 0 bus_irq 0 global_irq 2 dfl dfl)
2021-08-17T13:38:41.424357+00:00 INFO kernel: [    0.054339] ACPI: INT_SRC_OVR (bus 0 bus_irq 9 global_irq 9 low level)
2021-08-17T13:38:41.424360+00:00 DEBUG kernel: [    0.054343] ACPI: IRQ0 used by override.
2021-08-17T13:38:41.424362+00:00 DEBUG kernel: [    0.054346] ACPI: IRQ9 used by override.
2021-08-17T13:38:41.424363+00:00 INFO kernel: [    0.054350] Using ACPI (MADT) for SMP configuration information
2021-08-17T13:38:41.424364+00:00 INFO kernel: [    0.054355] ACPI: HPET id: 0x8086a701 base: 0xfed00000
2021-08-17T13:38:41.424365+00:00 INFO kernel: [    0.054364] TSC deadline timer available
2021-08-17T13:38:41.424366+00:00 INFO kernel: [    0.054368] smpboot: Allowing 4 CPUs, 0 hotplug CPUs
2021-08-17T13:38:41.424369+00:00 INFO kernel: [    0.054441] [mem 0x80000000-0xcfffffff] available for PCI devices
2021-08-17T13:38:41.424370+00:00 INFO kernel: [    0.054450] clocksource: refined-jiffies: mask: 0xffffffff max_cycles: 0xffffffff, max_idle_ns: 1910969940391419 ns
2021-08-17T13:38:41.424371+00:00 INFO kernel: [    0.315130] setup_percpu: NR_CPUS:64 nr_cpumask_bits:64 nr_cpu_ids:4 nr_node_ids:1
2021-08-17T13:38:41.424372+00:00 INFO kernel: [    0.315908] percpu: Embedded 52 pages/cpu s172456 r8192 d32344 u524288
2021-08-17T13:38:41.424373+00:00 DEBUG kernel: [    0.315930] pcpu-alloc: s172456 r8192 d32344 u524288 alloc=1*2097152
2021-08-17T13:38:41.424374+00:00 DEBUG kernel: [    0.315933] pcpu-alloc: [0] 0 1 2 3 
2021-08-17T13:38:41.424377+00:00 INFO kernel: [    0.315989] Built 1 zonelists, mobility grouping on.  Total pages: 986892
2021-08-17T13:38:41.424378+00:00 NOTICE kernel: [    0.315997] Kernel command line: BOOT_IMAGE=/syslinux/vmlinuz.A init=/sbin/init boot=local rootwait ro noresume noswap loglevel=7 noinitrd console= i915.modeset=1 cros_efi cros_debug root=PARTUUID=C4F6787B-4E4C-8844-B1B1-7A99C5F54B3F
2021-08-17T13:38:41.424379+00:00 INFO kernel: [    0.317652] Dentry cache hash table entries: 524288 (order: 10, 4194304 bytes, linear)
2021-08-17T13:38:41.424380+00:00 INFO kernel: [    0.318218] Inode-cache hash table entries: 262144 (order: 9, 2097152 bytes, linear)
2021-08-17T13:38:41.424381+00:00 INFO kernel: [    0.318312] mem auto-init: stack:all, heap alloc:off, heap free:off
2021-08-17T13:38:41.424382+00:00 INFO kernel: [    0.361341] Memory: 3811680K/4010328K available (14342K kernel code, 1478K rwdata, 4024K rodata, 1680K init, 2312K bss, 198648K reserved, 0K cma-reserved)
2021-08-17T13:38:41.424387+00:00 NOTICE kernel: [    0.361358] random: get_random_u64 called from __kmem_cache_create+0x28/0x3dc with crng_init=0
2021-08-17T13:38:41.424389+00:00 INFO kernel: [    0.361685] SLUB: HWalign=64, Order=0-3, MinObjects=0, CPUs=4, Nodes=1
2021-08-17T13:38:41.424390+00:00 INFO kernel: [    0.361725] ftrace: allocating 50213 entries in 197 pages
2021-08-17T13:38:41.424391+00:00 INFO kernel: [    0.413040] rcu: Preemptible hierarchical RCU implementation.
2021-08-17T13:38:41.424392+00:00 INFO kernel: [    0.413046] rcu: 	RCU restricting CPUs from NR_CPUS=64 to nr_cpu_ids=4.
2021-08-17T13:38:41.424393+00:00 INFO kernel: [    0.413049] 	Tasks RCU enabled.
2021-08-17T13:38:41.424397+00:00 INFO kernel: [    0.413052] rcu: RCU calculated value of scheduler-enlistment delay is 100 jiffies.
2021-08-17T13:38:41.424398+00:00 INFO kernel: [    0.413055] rcu: Adjusting geometry for rcu_fanout_leaf=16, nr_cpu_ids=4
2021-08-17T13:38:41.424399+00:00 INFO kernel: [    0.418972] NR_IRQS: 4352, nr_irqs: 1024, preallocated irqs: 16
2021-08-17T13:38:41.424400+00:00 INFO kernel: [    0.419818] ACPI: Core revision 20190816
2021-08-17T13:38:41.424401+00:00 INFO kernel: [    0.420479] clocksource: hpet: mask: 0xffffffff max_cycles: 0xffffffff, max_idle_ns: 99544814920 ns
2021-08-17T13:38:41.424402+00:00 INFO kernel: [    0.420579] APIC: Switch to symmetric I/O mode setup
2021-08-17T13:38:41.424403+00:00 INFO kernel: [    0.425268] ..TIMER: vector=0x30 apic1=0 pin1=2 apic2=-1 pin2=-1
2021-08-17T13:38:41.424407+00:00 INFO kernel: [    0.429537] clocksource: tsc-early: mask: 0xffffffffffffffff max_cycles: 0xfc66f4fc7c, max_idle_ns: 440795224246 ns
2021-08-17T13:38:41.424409+00:00 INFO kernel: [    0.429545] Calibrating delay loop (skipped), value calculated using timer frequency.. 2188.80 BogoMIPS (lpj=1094400)
2021-08-17T13:38:41.424410+00:00 INFO kernel: [    0.429551] pid_max: default: 32768 minimum: 301
2021-08-17T13:38:41.424411+00:00 INFO kernel: [    0.433613] LSM: Security Framework initializing
2021-08-17T13:38:41.424412+00:00 INFO kernel: [    0.433638] Yama: becoming mindful.
2021-08-17T13:38:41.424413+00:00 INFO kernel: [    0.433649] LoadPin: ready to pin (currently enforcing)
2021-08-17T13:38:41.424415+00:00 INFO kernel: [    0.433661] Chromium OS LSM: enabled
2021-08-17T13:38:41.424417+00:00 INFO kernel: [    0.433662] SELinux:  Initializing.
2021-08-17T13:38:41.424418+00:00 INFO kernel: [    0.433744] Mount-cache hash table entries: 8192 (order: 4, 65536 bytes, linear)
2021-08-17T13:38:41.424419+00:00 INFO kernel: [    0.433766] Mountpoint-cache hash table entries: 8192 (order: 4, 65536 bytes, linear)
2021-08-17T13:38:41.424420+00:00 INFO kernel: [    0.434582] x86/cpu: User Mode Instruction Prevention (UMIP) activated
2021-08-17T13:38:41.424421+00:00 INFO kernel: [    0.434634] mce: CPU0: Thermal monitoring enabled (TM1)
2021-08-17T13:38:41.424423+00:00 INFO kernel: [    0.434706] process: using mwait in idle threads
2021-08-17T13:38:41.424425+00:00 INFO kernel: [    0.434711] Last level iTLB entries: 4KB 0, 2MB 0, 4MB 0
2021-08-17T13:38:41.424426+00:00 INFO kernel: [    0.434714] Last level dTLB entries: 4KB 0, 2MB 0, 4MB 0, 1GB 0
2021-08-17T13:38:41.424427+00:00 INFO kernel: [    0.434718] Spectre V1 : Mitigation: usercopy/swapgs barriers and __user pointer sanitization
2021-08-17T13:38:41.424428+00:00 INFO kernel: [    0.434728] Spectre V2 : Mitigation: Enhanced IBRS
2021-08-17T13:38:41.424428+00:00 INFO kernel: [    0.434731] Spectre V2 : Spectre v2 / SpectreRSB mitigation: Filling RSB on context switch
2021-08-17T13:38:41.424432+00:00 INFO kernel: [    0.434738] Spectre V2 : mitigation: Enabling conditional Indirect Branch Prediction Barrier
2021-08-17T13:38:41.424433+00:00 INFO kernel: [    0.434746] Speculative Store Bypass: Mitigation: Speculative Store Bypass disabled via prctl and seccomp
2021-08-17T13:38:41.424435+00:00 INFO kernel: [    0.435462] Freeing SMP alternatives memory: 40K
2021-08-17T13:38:41.424436+00:00 INFO kernel: [    0.435631] smpboot: CPU0: Intel(R) Celeron(R) N4120 CPU @ 1.10GHz (family: 0x6, model: 0x7a, stepping: 0x8)
2021-08-17T13:38:41.424437+00:00 INFO kernel: [    0.441564] Performance Events: PEBS fmt3+, Goldmont plus events, 32-deep LBR, full-width counters, Intel PMU driver.
2021-08-17T13:38:41.424438+00:00 INFO kernel: [    0.441580] ... version:                4
2021-08-17T13:38:41.424440+00:00 INFO kernel: [    0.441583] ... bit width:              48
2021-08-17T13:38:41.424441+00:00 INFO kernel: [    0.441586] ... generic registers:      4
2021-08-17T13:38:41.424442+00:00 INFO kernel: [    0.441589] ... value mask:             0000ffffffffffff
2021-08-17T13:38:41.424443+00:00 INFO kernel: [    0.441591] ... max period:             00007fffffffffff
2021-08-17T13:38:41.424444+00:00 INFO kernel: [    0.441594] ... fixed-purpose events:   3
2021-08-17T13:38:41.424445+00:00 INFO kernel: [    0.441597] ... event mask:             000000070000000f
2021-08-17T13:38:41.424446+00:00 INFO kernel: [    0.443552] rcu: Hierarchical SRCU implementation.
2021-08-17T13:38:41.424449+00:00 INFO kernel: [    0.446695] NMI watchdog: Enabled. Permanently consumes one hw-PMU counter.
2021-08-17T13:38:41.424450+00:00 INFO kernel: [    0.448551] smp: Bringing up secondary CPUs ...
2021-08-17T13:38:41.424451+00:00 INFO kernel: [    0.456573] x86: Booting SMP configuration:
2021-08-17T13:38:41.424452+00:00 INFO kernel: [    0.456578] .... node  #0, CPUs:      #1 #2 #3
2021-08-17T13:38:41.424453+00:00 INFO kernel: [    0.476974] smp: Brought up 1 node, 4 CPUs
2021-08-17T13:38:41.424453+00:00 INFO kernel: [    0.476974] smpboot: Max logical packages: 1
2021-08-17T13:38:41.424456+00:00 INFO kernel: [    0.476974] smpboot: Total of 4 processors activated (8755.20 BogoMIPS)
2021-08-17T13:38:41.424457+00:00 INFO kernel: [    0.477951] devtmpfs: initialized
2021-08-17T13:38:41.424547+00:00 INFO kernel: [    0.478866] PM: Registering ACPI NVS region [mem 0x79500000-0x7955ffff] (393216 bytes)
2021-08-17T13:38:41.424549+00:00 INFO kernel: [    0.479045] clocksource: jiffies: mask: 0xffffffff max_cycles: 0xffffffff, max_idle_ns: 1911260446275000 ns
2021-08-17T13:38:41.424550+00:00 INFO kernel: [    0.479045] futex hash table entries: 1024 (order: 4, 65536 bytes, linear)
2021-08-17T13:38:41.424551+00:00 INFO kernel: [    0.479045] pinctrl core: initialized pinctrl subsystem
2021-08-17T13:38:41.424555+00:00 INFO kernel: [    0.479552] PM: RTC time: 13:38:38, date: 2021-08-17
2021-08-17T13:38:41.424566+00:00 INFO kernel: [    0.479557] thermal_sys: Registered thermal governor 'bang_bang'
2021-08-17T13:38:41.424568+00:00 INFO kernel: [    0.479559] thermal_sys: Registered thermal governor 'step_wise'
2021-08-17T13:38:41.424569+00:00 INFO kernel: [    0.479563] thermal_sys: Registered thermal governor 'user_space'
2021-08-17T13:38:41.424570+00:00 INFO kernel: [    0.479887] NET: Registered protocol family 16
2021-08-17T13:38:41.424571+00:00 INFO kernel: [    0.480378] audit: initializing netlink subsys (disabled)
2021-08-17T13:38:41.424572+00:00 NOTICE kernel: [    0.480428] audit: type=2000 audit(1629207518.056:1): state=initialized audit_enabled=0 res=1
2021-08-17T13:38:41.424580+00:00 INFO kernel: [    0.480649] cpuidle: using governor ladder
2021-08-17T13:38:41.424583+00:00 INFO kernel: [    0.480662] cpuidle: using governor teo
2021-08-17T13:38:41.424584+00:00 INFO kernel: [    0.480975] ACPI: bus type PCI registered
2021-08-17T13:38:41.424585+00:00 INFO kernel: [    0.480975] acpiphp: ACPI Hot Plug PCI Controller Driver version: 0.5
2021-08-17T13:38:41.424586+00:00 INFO kernel: [    0.480975] PCI: MMCONFIG for domain 0000 [bus 00-ff] at [mem 0xe0000000-0xefffffff] (base 0xe0000000)
2021-08-17T13:38:41.424587+00:00 INFO kernel: [    0.480975] PCI: MMCONFIG at [mem 0xe0000000-0xefffffff] reserved in E820
2021-08-17T13:38:41.424592+00:00 INFO kernel: [    0.480975] PCI: Using configuration type 1 for base access
2021-08-17T13:38:41.424594+00:00 INFO kernel: [    0.488632] cryptd: max_cpu_qlen set to 1000
2021-08-17T13:38:41.424595+00:00 INFO kernel: [    0.490708] ACPI: Added _OSI(Module Device)
2021-08-17T13:38:41.424596+00:00 INFO kernel: [    0.490712] ACPI: Added _OSI(Processor Device)
2021-08-17T13:38:41.424597+00:00 INFO kernel: [    0.490716] ACPI: Added _OSI(3.0 _SCP Extensions)
2021-08-17T13:38:41.424598+00:00 INFO kernel: [    0.490719] ACPI: Added _OSI(Processor Aggregator Device)
2021-08-17T13:38:41.424605+00:00 INFO kernel: [    0.490723] ACPI: Added _OSI(Linux-Dell-Video)
2021-08-17T13:38:41.424607+00:00 INFO kernel: [    0.490727] ACPI: Added _OSI(Linux-Lenovo-NV-HDMI-Audio)
2021-08-17T13:38:41.424608+00:00 INFO kernel: [    0.490730] ACPI: Added _OSI(Linux-HPI-Hybrid-Graphics)
2021-08-17T13:38:41.424609+00:00 INFO kernel: [    0.522451] ACPI: 9 ACPI AML tables successfully acquired and loaded
2021-08-17T13:38:41.424610+00:00 INFO kernel: [    0.524514] ACPI: EC: EC started
2021-08-17T13:38:41.424611+00:00 INFO kernel: [    0.524518] ACPI: EC: interrupt blocked
2021-08-17T13:38:41.424611+00:00 INFO kernel: [    0.527325] ACPI: \: Used as first EC
2021-08-17T13:38:41.424616+00:00 INFO kernel: [    0.527330] ACPI: \: GPE=0x5c, EC_CMD/EC_SC=0x66, EC_DATA=0x62
2021-08-17T13:38:41.424618+00:00 INFO kernel: [    0.527333] ACPI: EC: Boot ECDT EC used to handle transactions
2021-08-17T13:38:41.424619+00:00 INFO kernel: [    0.544255] ACPI: Dynamic OEM Table Load:
2021-08-17T13:38:41.424620+00:00 INFO kernel: [    0.544277] ACPI: SSDT 0xFFFF8D74FAA1EC00 000190 (v02 PmRef  Cpu0Cst  00003001 INTL 20160930)
2021-08-17T13:38:41.424621+00:00 INFO kernel: [    0.546765] ACPI: Dynamic OEM Table Load:
2021-08-17T13:38:41.424622+00:00 INFO kernel: [    0.546785] ACPI: SSDT 0xFFFF8D74FAA1FE00 0001E6 (v02 PmRef  ApIst    00003000 INTL 20160930)
2021-08-17T13:38:41.424627+00:00 INFO kernel: [    0.548825] ACPI: Dynamic OEM Table Load:
2021-08-17T13:38:41.424629+00:00 INFO kernel: [    0.548844] ACPI: SSDT 0xFFFF8D74FA8ABA00 0000C9 (v02 PmRef  ApCst    00003000 INTL 20160930)
2021-08-17T13:38:41.424630+00:00 INFO kernel: [    0.552493] ACPI: Interpreter enabled
2021-08-17T13:38:41.424631+00:00 INFO kernel: [    0.552560] ACPI: (supports S0 S3 S5)
2021-08-17T13:38:41.424632+00:00 INFO kernel: [    0.552564] ACPI: Using IOAPIC for interrupt routing
2021-08-17T13:38:41.424633+00:00 INFO kernel: [    0.552651] PCI: Using host bridge windows from ACPI; if necessary, use "pci=nocrs" and report a bug
2021-08-17T13:38:41.424644+00:00 INFO kernel: [    0.553435] ACPI: Enabled 10 GPEs in block 00 to 7F
2021-08-17T13:38:41.424647+00:00 INFO kernel: [    0.558887] ACPI: Power Resource [BTPR] (on)
2021-08-17T13:38:41.424648+00:00 INFO kernel: [    0.563419] ACPI: Power Resource [DRST] (on)
2021-08-17T13:38:41.424649+00:00 INFO kernel: [    0.564342] ACPI: Power Resource [DRST] (on)
2021-08-17T13:38:41.424650+00:00 INFO kernel: [    0.565254] ACPI: Power Resource [DRST] (on)
2021-08-17T13:38:41.424651+00:00 INFO kernel: [    0.566170] ACPI: Power Resource [DRST] (on)
2021-08-17T13:38:41.424652+00:00 INFO kernel: [    0.567081] ACPI: Power Resource [DRST] (on)
2021-08-17T13:38:41.424657+00:00 INFO kernel: [    0.567996] ACPI: Power Resource [DRST] (on)
2021-08-17T13:38:41.424659+00:00 INFO kernel: [    0.568987] ACPI: Power Resource [WRST] (on)
2021-08-17T13:38:41.424660+00:00 INFO kernel: [    0.578889] ACPI: PCI Root Bridge [PCI0] (domain 0000 [bus 00-ff])
2021-08-17T13:38:41.424661+00:00 INFO kernel: [    0.578905] acpi PNP0A08:00: _OSC: OS supports [ExtendedConfig ASPM ClockPM Segments MSI HPX-Type3]
2021-08-17T13:38:41.424662+00:00 INFO kernel: [    0.580878] acpi PNP0A08:00: _OSC: OS now controls [PCIeHotplug PME AER PCIeCapability LTR]
2021-08-17T13:38:41.424663+00:00 INFO kernel: [    0.582081] PCI host bridge to bus 0000:00
2021-08-17T13:38:41.424670+00:00 INFO kernel: [    0.582090] pci_bus 0000:00: root bus resource [io  0x0070-0x0077]
2021-08-17T13:38:41.424672+00:00 INFO kernel: [    0.582095] pci_bus 0000:00: root bus resource [io  0x0000-0x006f window]
2021-08-17T13:38:41.424673+00:00 INFO kernel: [    0.582100] pci_bus 0000:00: root bus resource [io  0x0078-0x0cf7 window]
2021-08-17T13:38:41.424674+00:00 INFO kernel: [    0.582105] pci_bus 0000:00: root bus resource [io  0x0d00-0xffff window]
2021-08-17T13:38:41.424675+00:00 INFO kernel: [    0.582110] pci_bus 0000:00: root bus resource [mem 0x000a0000-0x000bffff window]
2021-08-17T13:38:41.424676+00:00 INFO kernel: [    0.582114] pci_bus 0000:00: root bus resource [mem 0x000c0000-0x000dffff window]
2021-08-17T13:38:41.424681+00:00 INFO kernel: [    0.582119] pci_bus 0000:00: root bus resource [mem 0x000e0000-0x000fffff window]
2021-08-17T13:38:41.424683+00:00 INFO kernel: [    0.582123] pci_bus 0000:00: root bus resource [mem 0x7c000001-0x7fffffff window]
2021-08-17T13:38:41.424685+00:00 INFO kernel: [    0.582128] pci_bus 0000:00: root bus resource [mem 0x80000000-0xcfffffff window]
2021-08-17T13:38:41.424686+00:00 INFO kernel: [    0.582132] pci_bus 0000:00: root bus resource [mem 0xe0000000-0xefffffff window]
2021-08-17T13:38:41.424687+00:00 INFO kernel: [    0.582137] pci_bus 0000:00: root bus resource [mem 0xfea00000-0xfeafffff window]
2021-08-17T13:38:41.424687+00:00 INFO kernel: [    0.582141] pci_bus 0000:00: root bus resource [mem 0xfed00000-0xfed003ff window]
2021-08-17T13:38:41.424688+00:00 INFO kernel: [    0.582146] pci_bus 0000:00: root bus resource [mem 0xfed01000-0xfed01fff window]
2021-08-17T13:38:41.424695+00:00 INFO kernel: [    0.582150] pci_bus 0000:00: root bus resource [mem 0xfed03000-0xfed03fff window]
2021-08-17T13:38:41.424697+00:00 INFO kernel: [    0.582155] pci_bus 0000:00: root bus resource [mem 0xfed06000-0xfed06fff window]
2021-08-17T13:38:41.424698+00:00 INFO kernel: [    0.582159] pci_bus 0000:00: root bus resource [mem 0xfed08000-0xfed09fff window]
2021-08-17T13:38:41.424699+00:00 INFO kernel: [    0.582163] pci_bus 0000:00: root bus resource [mem 0xfed80000-0xfedbffff window]
2021-08-17T13:38:41.424700+00:00 INFO kernel: [    0.582168] pci_bus 0000:00: root bus resource [mem 0xfed1c000-0xfed1cfff window]
2021-08-17T13:38:41.424701+00:00 INFO kernel: [    0.582172] pci_bus 0000:00: root bus resource [mem 0xfee00000-0xfeefffff window]
2021-08-17T13:38:41.424705+00:00 INFO kernel: [    0.582178] pci_bus 0000:00: root bus resource [bus 00-ff]
2021-08-17T13:38:41.424707+00:00 INFO kernel: [    0.582204] pci 0000:00:00.0: [8086:31f0] type 00 class 0x060000
2021-08-17T13:38:41.424708+00:00 INFO kernel: [    0.582901] pci 0000:00:00.1: [8086:318c] type 00 class 0x118000
2021-08-17T13:38:41.424709+00:00 INFO kernel: [    0.582949] pci 0000:00:00.1: reg 0x10: [mem 0x80000000-0x80007fff 64bit]
2021-08-17T13:38:41.424710+00:00 INFO kernel: [    0.583717] pci 0000:00:02.0: [8086:3185] type 00 class 0x030000
2021-08-17T13:38:41.424711+00:00 INFO kernel: [    0.583742] pci 0000:00:02.0: reg 0x10: [mem 0xa0000000-0xa0ffffff 64bit]
2021-08-17T13:38:41.424717+00:00 INFO kernel: [    0.583756] pci 0000:00:02.0: reg 0x18: [mem 0x90000000-0x9fffffff 64bit pref]
2021-08-17T13:38:41.424719+00:00 INFO kernel: [    0.583766] pci 0000:00:02.0: reg 0x20: [io  0xf000-0xf03f]
2021-08-17T13:38:41.424721+00:00 INFO kernel: [    0.584543] pci 0000:00:0e.0: [8086:3198] type 00 class 0x040300
2021-08-17T13:38:41.424722+00:00 INFO kernel: [    0.584580] pci 0000:00:0e.0: reg 0x10: [mem 0xa1310000-0xa1313fff 64bit]
2021-08-17T13:38:41.424722+00:00 INFO kernel: [    0.584618] pci 0000:00:0e.0: reg 0x20: [mem 0xa1000000-0xa10fffff 64bit]
2021-08-17T13:38:41.424723+00:00 INFO kernel: [    0.584708] pci 0000:00:0e.0: PME# supported from D0 D3hot D3cold
2021-08-17T13:38:41.424724+00:00 INFO kernel: [    0.585982] pci 0000:00:0f.0: [8086:319a] type 00 class 0x078000
2021-08-17T13:38:41.424730+00:00 INFO kernel: [    0.586041] pci 0000:00:0f.0: reg 0x10: [mem 0xa131d000-0xa131dfff 64bit]
2021-08-17T13:38:41.424732+00:00 INFO kernel: [    0.586203] pci 0000:00:0f.0: PME# supported from D3hot
2021-08-17T13:38:41.424733+00:00 INFO kernel: [    0.586888] pci 0000:00:12.0: [8086:31e3] type 00 class 0x010601
2021-08-17T13:38:41.424734+00:00 INFO kernel: [    0.586920] pci 0000:00:12.0: reg 0x10: [mem 0xa1314000-0xa1315fff]
2021-08-17T13:38:41.424735+00:00 INFO kernel: [    0.586936] pci 0000:00:12.0: reg 0x14: [mem 0xa131c000-0xa131c0ff]
2021-08-17T13:38:41.424736+00:00 INFO kernel: [    0.586949] pci 0000:00:12.0: reg 0x18: [io  0xf090-0xf097]
2021-08-17T13:38:41.424740+00:00 INFO kernel: [    0.586965] pci 0000:00:12.0: reg 0x1c: [io  0xf080-0xf083]
2021-08-17T13:38:41.424742+00:00 INFO kernel: [    0.586978] pci 0000:00:12.0: reg 0x20: [io  0xf060-0xf07f]
2021-08-17T13:38:41.424743+00:00 INFO kernel: [    0.586992] pci 0000:00:12.0: reg 0x24: [mem 0xa131b000-0xa131b7ff]
2021-08-17T13:38:41.424744+00:00 INFO kernel: [    0.587059] pci 0000:00:12.0: PME# supported from D3hot
2021-08-17T13:38:41.424745+00:00 INFO kernel: [    0.587714] pci 0000:00:13.0: [8086:31d8] type 01 class 0x060400
2021-08-17T13:38:41.424746+00:00 INFO kernel: [    0.587863] pci 0000:00:13.0: PME# supported from D0 D3hot D3cold
2021-08-17T13:38:41.424747+00:00 INFO kernel: [    0.588564] pci 0000:00:14.0: [8086:31d6] type 01 class 0x060400
2021-08-17T13:38:41.424752+00:00 INFO kernel: [    0.588686] pci 0000:00:14.0: PME# supported from D0 D3hot D3cold
2021-08-17T13:38:41.424754+00:00 INFO kernel: [    0.589344] pci 0000:00:14.1: [8086:31d7] type 01 class 0x060400
2021-08-17T13:38:41.424755+00:00 INFO kernel: [    0.589466] pci 0000:00:14.1: PME# supported from D0 D3hot D3cold
2021-08-17T13:38:41.424756+00:00 INFO kernel: [    0.590154] pci 0000:00:15.0: [8086:31a8] type 00 class 0x0c0330
2021-08-17T13:38:41.424757+00:00 INFO kernel: [    0.590189] pci 0000:00:15.0: reg 0x10: [mem 0xa1300000-0xa130ffff 64bit]
2021-08-17T13:38:41.424758+00:00 INFO kernel: [    0.590315] pci 0000:00:15.0: PME# supported from D3hot D3cold
2021-08-17T13:38:41.424764+00:00 INFO kernel: [    0.590996] pci 0000:00:1c.0: [8086:31cc] type 00 class 0x080501
2021-08-17T13:38:41.424766+00:00 INFO kernel: [    0.591035] pci 0000:00:1c.0: reg 0x10: [mem 0xa131a000-0xa131afff 64bit]
2021-08-17T13:38:41.424767+00:00 INFO kernel: [    0.591057] pci 0000:00:1c.0: reg 0x18: [mem 0xa1319000-0xa1319fff 64bit]
2021-08-17T13:38:41.424768+00:00 INFO kernel: [    0.591799] pci 0000:00:1e.0: [8086:31d0] type 00 class 0x080501
2021-08-17T13:38:41.424769+00:00 INFO kernel: [    0.591840] pci 0000:00:1e.0: reg 0x10: [mem 0xa1318000-0xa1318fff 64bit]
2021-08-17T13:38:41.424770+00:00 INFO kernel: [    0.591862] pci 0000:00:1e.0: reg 0x18: [mem 0xa1317000-0xa1317fff 64bit]
2021-08-17T13:38:41.424775+00:00 INFO kernel: [    0.592558] pci 0000:00:1f.0: [8086:31e8] type 00 class 0x060100
2021-08-17T13:38:41.424862+00:00 INFO kernel: [    0.593487] pci 0000:00:1f.1: [8086:31d4] type 00 class 0x0c0500
2021-08-17T13:38:41.424864+00:00 INFO kernel: [    0.593571] pci 0000:00:1f.1: reg 0x10: [mem 0xa1316000-0xa13160ff 64bit]
2021-08-17T13:38:41.424865+00:00 INFO kernel: [    0.593656] pci 0000:00:1f.1: reg 0x20: [io  0xf040-0xf05f]
2021-08-17T13:38:41.424866+00:00 INFO kernel: [    0.594424] pci 0000:00:13.0: PCI bridge to [bus 01]
2021-08-17T13:38:41.424867+00:00 INFO kernel: [    0.594605] pci 0000:02:00.0: [10ec:8136] type 00 class 0x020000
2021-08-17T13:38:41.424868+00:00 INFO kernel: [    0.594661] pci 0000:02:00.0: reg 0x10: [io  0xe000-0xe0ff]
2021-08-17T13:38:41.424874+00:00 INFO kernel: [    0.594708] pci 0000:02:00.0: reg 0x18: [mem 0xa1200000-0xa1200fff 64bit]
2021-08-17T13:38:41.424876+00:00 INFO kernel: [    0.594740] pci 0000:02:00.0: reg 0x20: [mem 0x80100000-0x80103fff 64bit pref]
2021-08-17T13:38:41.424877+00:00 INFO kernel: [    0.594784] pci 0000:02:00.0: Upstream bridge's Max Payload Size set to 128 (was 256, max 256)
2021-08-17T13:38:41.424879+00:00 INFO kernel: [    0.594799] pci 0000:02:00.0: Max Payload Size set to 128 (was 128, max 128)
2021-08-17T13:38:41.424879+00:00 INFO kernel: [    0.594973] pci 0000:02:00.0: supports D1 D2
2021-08-17T13:38:41.424880+00:00 INFO kernel: [    0.594978] pci 0000:02:00.0: PME# supported from D0 D1 D2 D3hot D3cold
2021-08-17T13:38:41.424887+00:00 INFO kernel: [    0.595304] pci 0000:00:14.0: PCI bridge to [bus 02]
2021-08-17T13:38:41.424889+00:00 INFO kernel: [    0.595313] pci 0000:00:14.0:   bridge window [io  0xe000-0xefff]
2021-08-17T13:38:41.424890+00:00 INFO kernel: [    0.595320] pci 0000:00:14.0:   bridge window [mem 0xa1200000-0xa12fffff]
2021-08-17T13:38:41.424891+00:00 INFO kernel: [    0.595328] pci 0000:00:14.0:   bridge window [mem 0x80100000-0x801fffff 64bit pref]
2021-08-17T13:38:41.424892+00:00 INFO kernel: [    0.595710] pci 0000:03:00.0: [8086:2526] type 00 class 0x028000
2021-08-17T13:38:41.424893+00:00 INFO kernel: [    0.595939] pci 0000:03:00.0: reg 0x10: [mem 0xa1100000-0xa1103fff 64bit]
2021-08-17T13:38:41.424894+00:00 INFO kernel: [    0.596451] pci 0000:03:00.0: Upstream bridge's Max Payload Size set to 128 (was 256, max 256)
2021-08-17T13:38:41.424900+00:00 INFO kernel: [    0.596509] pci 0000:03:00.0: Max Payload Size set to 128 (was 128, max 128)
2021-08-17T13:38:41.424902+00:00 INFO kernel: [    0.597059] pci 0000:03:00.0: PME# supported from D0 D3hot D3cold
2021-08-17T13:38:41.424903+00:00 WARNING kernel: [    0.597668] pci 0000:00:14.1: ASPM: current common clock configuration is broken, reconfiguring
2021-08-17T13:38:41.424904+00:00 INFO kernel: [    0.600720] pci 0000:00:14.1: PCI bridge to [bus 03]
2021-08-17T13:38:41.424905+00:00 INFO kernel: [    0.600730] pci 0000:00:14.1:   bridge window [mem 0xa1100000-0xa11fffff]
2021-08-17T13:38:41.424906+00:00 DEBUG kernel: [    0.600765] pci_bus 0000:00: on NUMA node 0
2021-08-17T13:38:41.424913+00:00 INFO kernel: [    0.604225] ACPI: PCI Interrupt Link [LNKA] (IRQs *3 4 5 6 10 11 12 14 15)
2021-08-17T13:38:41.424915+00:00 INFO kernel: [    0.604386] ACPI: PCI Interrupt Link [LNKB] (IRQs 3 *4 5 6 10 11 12 14 15)
2021-08-17T13:38:41.424916+00:00 INFO kernel: [    0.604542] ACPI: PCI Interrupt Link [LNKC] (IRQs 3 4 *5 6 10 11 12 14 15)
2021-08-17T13:38:41.424917+00:00 INFO kernel: [    0.604704] ACPI: PCI Interrupt Link [LNKD] (IRQs 3 4 5 *6 10 11 12 14 15)
2021-08-17T13:38:41.424918+00:00 INFO kernel: [    0.604858] ACPI: PCI Interrupt Link [LNKE] (IRQs 3 4 5 6 10 11 12 14 15) *7
2021-08-17T13:38:41.424919+00:00 INFO kernel: [    0.605012] ACPI: PCI Interrupt Link [LNKF] (IRQs 3 4 5 6 10 11 12 14 15) *9
2021-08-17T13:38:41.424926+00:00 INFO kernel: [    0.605166] ACPI: PCI Interrupt Link [LNKG] (IRQs 3 4 5 6 *10 11 12 14 15)
2021-08-17T13:38:41.424928+00:00 INFO kernel: [    0.605320] ACPI: PCI Interrupt Link [LNKH] (IRQs 3 4 5 6 10 *11 12 14 15)
2021-08-17T13:38:41.424929+00:00 DEBUG kernel: [    0.605918] gpiochip_find_base: found new base at 432
2021-08-17T13:38:41.424930+00:00 DEBUG kernel: [    0.606385] gpio gpiochip0: (INT3453:00): created GPIO range 0->31 ==> INT3453:00 PIN 0->31
2021-08-17T13:38:41.424931+00:00 DEBUG kernel: [    0.606390] gpio gpiochip0: (INT3453:00): created GPIO range 32->63 ==> INT3453:00 PIN 32->63
2021-08-17T13:38:41.424932+00:00 DEBUG kernel: [    0.606395] gpio gpiochip0: (INT3453:00): created GPIO range 64->79 ==> INT3453:00 PIN 64->79
2021-08-17T13:38:41.424933+00:00 DEBUG kernel: [    0.606452] gpio gpiochip0: (INT3453:00): added GPIO chardev (254:0)
2021-08-17T13:38:41.424938+00:00 DEBUG kernel: [    0.606570] gpiochip_setup_dev: registered GPIOs 432 to 511 on device: gpiochip0 (INT3453:00)
2021-08-17T13:38:41.424940+00:00 DEBUG kernel: [    0.606886] gpiochip_find_base: found new base at 352
2021-08-17T13:38:41.424941+00:00 DEBUG kernel: [    0.607336] gpio gpiochip1: (INT3453:01): created GPIO range 0->31 ==> INT3453:01 PIN 0->31
2021-08-17T13:38:41.424942+00:00 DEBUG kernel: [    0.607341] gpio gpiochip1: (INT3453:01): created GPIO range 32->63 ==> INT3453:01 PIN 32->63
2021-08-17T13:38:41.424943+00:00 DEBUG kernel: [    0.607348] gpio gpiochip1: (INT3453:01): created GPIO range 64->79 ==> INT3453:01 PIN 64->79
2021-08-17T13:38:41.424944+00:00 DEBUG kernel: [    0.607404] gpio gpiochip1: (INT3453:01): added GPIO chardev (254:1)
2021-08-17T13:38:41.424948+00:00 DEBUG kernel: [    0.607404] gpiochip_setup_dev: registered GPIOs 352 to 431 on device: gpiochip1 (INT3453:01)
2021-08-17T13:38:41.424950+00:00 DEBUG kernel: [    0.607798] gpiochip_find_base: found new base at 332
2021-08-17T13:38:41.424951+00:00 DEBUG kernel: [    0.607895] gpio gpiochip2: (INT3453:02): created GPIO range 0->19 ==> INT3453:02 PIN 0->19
2021-08-17T13:38:41.424952+00:00 DEBUG kernel: [    0.607945] gpio gpiochip2: (INT3453:02): added GPIO chardev (254:2)
2021-08-17T13:38:41.424953+00:00 DEBUG kernel: [    0.607945] gpiochip_setup_dev: registered GPIOs 332 to 351 on device: gpiochip2 (INT3453:02)
2021-08-17T13:38:41.424954+00:00 DEBUG kernel: [    0.607945] gpiochip_find_base: found new base at 297
2021-08-17T13:38:41.424955+00:00 DEBUG kernel: [    0.608097] gpio gpiochip3: (INT3453:03): created GPIO range 0->31 ==> INT3453:03 PIN 0->31
2021-08-17T13:38:41.424961+00:00 DEBUG kernel: [    0.608102] gpio gpiochip3: (INT3453:03): created GPIO range 32->34 ==> INT3453:03 PIN 32->34
2021-08-17T13:38:41.424963+00:00 DEBUG kernel: [    0.608574] gpio gpiochip3: (INT3453:03): added GPIO chardev (254:3)
2021-08-17T13:38:41.424964+00:00 DEBUG kernel: [    0.608593] gpiochip_setup_dev: registered GPIOs 297 to 331 on device: gpiochip3 (INT3453:03)
2021-08-17T13:38:41.424965+00:00 INFO kernel: [    0.609716] ACPI: EC: interrupt unblocked
2021-08-17T13:38:41.424966+00:00 INFO kernel: [    0.609755] ACPI: EC: event unblocked
2021-08-17T13:38:41.424967+00:00 INFO kernel: [    0.609781] ACPI: \_SB_.PCI0.SBRG.EC0_: GPE=0x5c, EC_CMD/EC_SC=0x66, EC_DATA=0x62
2021-08-17T13:38:41.424973+00:00 INFO kernel: [    0.609787] ACPI: \_SB_.PCI0.SBRG.EC0_: Boot DSDT EC used to handle transactions and events
2021-08-17T13:38:41.424975+00:00 NOTICE kernel: [    0.609962] SCSI subsystem initialized
2021-08-17T13:38:41.424976+00:00 DEBUG kernel: [    0.609962] libata version 3.00 loaded.
2021-08-17T13:38:41.424977+00:00 INFO kernel: [    0.609962] ACPI: bus type USB registered
2021-08-17T13:38:41.424977+00:00 INFO kernel: [    0.609962] usbcore: registered new interface driver usbfs
2021-08-17T13:38:41.424978+00:00 INFO kernel: [    0.609962] usbcore: registered new interface driver hub
2021-08-17T13:38:41.424983+00:00 INFO kernel: [    0.609962] usbcore: registered new device driver usb
2021-08-17T13:38:41.424984+00:00 INFO kernel: [    0.609962] videodev: Linux video capture interface: v2.00
2021-08-17T13:38:41.424985+00:00 INFO kernel: [    0.610645] Registered efivars operations
2021-08-17T13:38:41.424986+00:00 INFO kernel: [    0.610742] chromeos_acpi: installed
2021-08-17T13:38:41.424987+00:00 INFO kernel: [    0.610787] Advanced Linux Sound Architecture Driver Initialized.
2021-08-17T13:38:41.424988+00:00 INFO kernel: [    0.610791] PCI: Using ACPI for IRQ routing
2021-08-17T13:38:41.424989+00:00 DEBUG kernel: [    0.640171] PCI: pci_cache_line_size set to 64 bytes
2021-08-17T13:38:41.424994+00:00 DEBUG kernel: [    0.640395] e820: reserve RAM buffer [mem 0x0003e000-0x0003ffff]
2021-08-17T13:38:41.424996+00:00 DEBUG kernel: [    0.640399] e820: reserve RAM buffer [mem 0x00058000-0x0005ffff]
2021-08-17T13:38:41.424997+00:00 DEBUG kernel: [    0.640401] e820: reserve RAM buffer [mem 0x0009e000-0x0009ffff]
2021-08-17T13:38:41.424998+00:00 DEBUG kernel: [    0.640404] e820: reserve RAM buffer [mem 0x74c96000-0x77ffffff]
2021-08-17T13:38:41.424999+00:00 DEBUG kernel: [    0.640406] e820: reserve RAM buffer [mem 0x75c44000-0x77ffffff]
2021-08-17T13:38:41.425000+00:00 DEBUG kernel: [    0.640409] e820: reserve RAM buffer [mem 0x7a752000-0x7bffffff]
2021-08-17T13:38:41.425005+00:00 DEBUG kernel: [    0.640411] e820: reserve RAM buffer [mem 0x7ac00000-0x7bffffff]
2021-08-17T13:38:41.425007+00:00 WARNING kernel: [    0.641559] acpi PNP0C14:01: duplicate WMI GUID 05901221-D566-11D1-B2F0-00A0C9062910 (first instance was on PNP0C14:00)
2021-08-17T13:38:41.425008+00:00 INFO kernel: [    0.642549] hpet0: at MMIO 0xfed00000, IRQs 2, 8, 0, 0, 0, 0, 0, 0
2021-08-17T13:38:41.425009+00:00 INFO kernel: [    0.642560] hpet0: 8 comparators, 64-bit 19.200000 MHz counter
2021-08-17T13:38:41.425010+00:00 INFO kernel: [    0.644583] clocksource: Switched to clocksource tsc-early
2021-08-17T13:38:41.425011+00:00 NOTICE kernel: [    0.684897] VFS: Disk quotas dquot_6.6.0
2021-08-17T13:38:41.425016+00:00 INFO kernel: [    0.684941] VFS: Dquot-cache hash table entries: 512 (order 0, 4096 bytes)
2021-08-17T13:38:41.425017+00:00 INFO kernel: [    0.685063] pnp: PnP ACPI init
2021-08-17T13:38:41.425018+00:00 DEBUG kernel: [    0.685560] system 00:00: Plug and Play ACPI device, IDs PNP0c02 (active)
2021-08-17T13:38:41.425019+00:00 DEBUG kernel: [    0.685655] pnp 00:01: Plug and Play ACPI device, IDs PNP0303 (active)
2021-08-17T13:38:41.425020+00:00 DEBUG kernel: [    0.685787] pnp 00:02: Plug and Play ACPI device, IDs ETD0e06 PNP0f13 (active)
2021-08-17T13:38:41.425021+00:00 INFO kernel: [    0.685901] system 00:03: [io  0x0680-0x069f] has been reserved
2021-08-17T13:38:41.425022+00:00 INFO kernel: [    0.685908] system 00:03: [io  0x0400-0x047f] has been reserved
2021-08-17T13:38:41.425028+00:00 INFO kernel: [    0.685913] system 00:03: [io  0x0500-0x05fe] has been reserved
2021-08-17T13:38:41.425031+00:00 INFO kernel: [    0.685918] system 00:03: [io  0x0600-0x061f] has been reserved
2021-08-17T13:38:41.425032+00:00 INFO kernel: [    0.685924] system 00:03: [io  0x164e-0x164f] has been reserved
2021-08-17T13:38:41.425033+00:00 DEBUG kernel: [    0.685936] system 00:03: Plug and Play ACPI device, IDs PNP0c02 (active)
2021-08-17T13:38:41.425034+00:00 INFO kernel: [    0.686046] system 00:04: [io  0x0240-0x0259] has been reserved
2021-08-17T13:38:41.425035+00:00 DEBUG kernel: [    0.686058] system 00:04: Plug and Play ACPI device, IDs PNP0c02 (active)
2021-08-17T13:38:41.425040+00:00 INFO kernel: [    0.686588] system 00:05: [mem 0xe0000000-0xefffffff] has been reserved
2021-08-17T13:38:41.425042+00:00 INFO kernel: [    0.686595] system 00:05: [mem 0xfea00000-0xfeafffff] has been reserved
2021-08-17T13:38:41.425043+00:00 INFO kernel: [    0.686600] system 00:05: [mem 0xfed01000-0xfed01fff] has been reserved
2021-08-17T13:38:41.425044+00:00 INFO kernel: [    0.686609] system 00:05: [mem 0xfed03000-0xfed03fff] has been reserved
2021-08-17T13:38:41.425045+00:00 INFO kernel: [    0.686614] system 00:05: [mem 0xfed06000-0xfed06fff] has been reserved
2021-08-17T13:38:41.425046+00:00 INFO kernel: [    0.686619] system 00:05: [mem 0xfed08000-0xfed09fff] has been reserved
2021-08-17T13:38:41.425047+00:00 INFO kernel: [    0.686624] system 00:05: [mem 0xfed80000-0xfedbffff] has been reserved
2021-08-17T13:38:41.425052+00:00 INFO kernel: [    0.686629] system 00:05: [mem 0xfed1c000-0xfed1cfff] has been reserved
2021-08-17T13:38:41.425054+00:00 INFO kernel: [    0.686635] system 00:05: [mem 0xfee00000-0xfeefffff] could not be reserved
2021-08-17T13:38:41.425055+00:00 DEBUG kernel: [    0.686647] system 00:05: Plug and Play ACPI device, IDs PNP0c02 (active)
2021-08-17T13:38:41.425056+00:00 DEBUG kernel: [    0.687335] pnp 00:06: Plug and Play ACPI device, IDs PNP0b00 (active)
2021-08-17T13:38:41.425057+00:00 INFO kernel: [    0.687754] pnp: PnP ACPI: found 7 devices
2021-08-17T13:38:41.425149+00:00 INFO kernel: [    0.692919] clocksource: acpi_pm: mask: 0xffffff max_cycles: 0xffffff, max_idle_ns: 2085701024 ns
2021-08-17T13:38:41.425156+00:00 INFO kernel: [    0.693072] pci 0000:00:13.0: PCI bridge to [bus 01]
2021-08-17T13:38:41.425158+00:00 INFO kernel: [    0.693099] pci 0000:00:14.0: PCI bridge to [bus 02]
2021-08-17T13:38:41.425159+00:00 INFO kernel: [    0.693106] pci 0000:00:14.0:   bridge window [io  0xe000-0xefff]
2021-08-17T13:38:41.425160+00:00 INFO kernel: [    0.693115] pci 0000:00:14.0:   bridge window [mem 0xa1200000-0xa12fffff]
2021-08-17T13:38:41.425161+00:00 INFO kernel: [    0.693123] pci 0000:00:14.0:   bridge window [mem 0x80100000-0x801fffff 64bit pref]
2021-08-17T13:38:41.425162+00:00 INFO kernel: [    0.693132] pci 0000:00:14.1: PCI bridge to [bus 03]
2021-08-17T13:38:41.425170+00:00 INFO kernel: [    0.693139] pci 0000:00:14.1:   bridge window [mem 0xa1100000-0xa11fffff]
2021-08-17T13:38:41.425172+00:00 INFO kernel: [    0.693152] pci_bus 0000:00: resource 4 [io  0x0070-0x0077]
2021-08-17T13:38:41.425173+00:00 INFO kernel: [    0.693157] pci_bus 0000:00: resource 5 [io  0x0000-0x006f window]
2021-08-17T13:38:41.425174+00:00 INFO kernel: [    0.693161] pci_bus 0000:00: resource 6 [io  0x0078-0x0cf7 window]
2021-08-17T13:38:41.425175+00:00 INFO kernel: [    0.693166] pci_bus 0000:00: resource 7 [io  0x0d00-0xffff window]
2021-08-17T13:38:41.425176+00:00 INFO kernel: [    0.693171] pci_bus 0000:00: resource 8 [mem 0x000a0000-0x000bffff window]
2021-08-17T13:38:41.425177+00:00 INFO kernel: [    0.693175] pci_bus 0000:00: resource 9 [mem 0x000c0000-0x000dffff window]
2021-08-17T13:38:41.425184+00:00 INFO kernel: [    0.693180] pci_bus 0000:00: resource 10 [mem 0x000e0000-0x000fffff window]
2021-08-17T13:38:41.425187+00:00 INFO kernel: [    0.693184] pci_bus 0000:00: resource 11 [mem 0x7c000001-0x7fffffff window]
2021-08-17T13:38:41.425188+00:00 INFO kernel: [    0.693189] pci_bus 0000:00: resource 12 [mem 0x80000000-0xcfffffff window]
2021-08-17T13:38:41.425189+00:00 INFO kernel: [    0.693193] pci_bus 0000:00: resource 13 [mem 0xe0000000-0xefffffff window]
2021-08-17T13:38:41.425190+00:00 INFO kernel: [    0.693197] pci_bus 0000:00: resource 14 [mem 0xfea00000-0xfeafffff window]
2021-08-17T13:38:41.425191+00:00 INFO kernel: [    0.693202] pci_bus 0000:00: resource 15 [mem 0xfed00000-0xfed003ff window]
2021-08-17T13:38:41.425195+00:00 INFO kernel: [    0.693206] pci_bus 0000:00: resource 16 [mem 0xfed01000-0xfed01fff window]
2021-08-17T13:38:41.425197+00:00 INFO kernel: [    0.693213] pci_bus 0000:00: resource 17 [mem 0xfed03000-0xfed03fff window]
2021-08-17T13:38:41.425198+00:00 INFO kernel: [    0.693217] pci_bus 0000:00: resource 18 [mem 0xfed06000-0xfed06fff window]
2021-08-17T13:38:41.425199+00:00 INFO kernel: [    0.693222] pci_bus 0000:00: resource 19 [mem 0xfed08000-0xfed09fff window]
2021-08-17T13:38:41.425199+00:00 INFO kernel: [    0.693226] pci_bus 0000:00: resource 20 [mem 0xfed80000-0xfedbffff window]
2021-08-17T13:38:41.425200+00:00 INFO kernel: [    0.693230] pci_bus 0000:00: resource 21 [mem 0xfed1c000-0xfed1cfff window]
2021-08-17T13:38:41.425201+00:00 INFO kernel: [    0.693235] pci_bus 0000:00: resource 22 [mem 0xfee00000-0xfeefffff window]
2021-08-17T13:38:41.425208+00:00 INFO kernel: [    0.693242] pci_bus 0000:02: resource 0 [io  0xe000-0xefff]
2021-08-17T13:38:41.425210+00:00 INFO kernel: [    0.693246] pci_bus 0000:02: resource 1 [mem 0xa1200000-0xa12fffff]
2021-08-17T13:38:41.425211+00:00 INFO kernel: [    0.693250] pci_bus 0000:02: resource 2 [mem 0x80100000-0x801fffff 64bit pref]
2021-08-17T13:38:41.425212+00:00 INFO kernel: [    0.693255] pci_bus 0000:03: resource 1 [mem 0xa1100000-0xa11fffff]
2021-08-17T13:38:41.425213+00:00 INFO kernel: [    0.693515] NET: Registered protocol family 2
2021-08-17T13:38:41.425213+00:00 INFO kernel: [    0.693839] tcp_listen_portaddr_hash hash table entries: 2048 (order: 4, 81920 bytes, linear)
2021-08-17T13:38:41.425219+00:00 INFO kernel: [    0.693876] TCP established hash table entries: 32768 (order: 6, 262144 bytes, linear)
2021-08-17T13:38:41.425221+00:00 INFO kernel: [    0.694052] TCP bind hash table entries: 32768 (order: 8, 1048576 bytes, linear)
2021-08-17T13:38:41.425223+00:00 INFO kernel: [    0.694472] TCP: Hash tables configured (established 32768 bind 32768)
2021-08-17T13:38:41.425224+00:00 INFO kernel: [    0.694538] UDP hash table entries: 2048 (order: 5, 196608 bytes, linear)
2021-08-17T13:38:41.425225+00:00 INFO kernel: [    0.694620] UDP-Lite hash table entries: 2048 (order: 5, 196608 bytes, linear)
2021-08-17T13:38:41.425226+00:00 INFO kernel: [    0.694799] NET: Registered protocol family 1
2021-08-17T13:38:41.425230+00:00 INFO kernel: [    0.694838] pci 0000:00:02.0: Video device with shadowed ROM at [mem 0x000c0000-0x000dffff]
2021-08-17T13:38:41.425232+00:00 INFO kernel: [    0.695564] PCI: CLS 64 bytes, default 64
2021-08-17T13:38:41.425233+00:00 INFO kernel: [    0.695673] PCI-DMA: Using software bounce buffering for IO (SWIOTLB)
2021-08-17T13:38:41.425233+00:00 INFO kernel: [    0.695678] software IO TLB: mapped [mem 0x6d628000-0x71628000] (64MB)
2021-08-17T13:38:41.425234+00:00 INFO kernel: [    0.696154] RAPL PMU: API unit is 2^-32 Joules, 4 fixed counters, 655360 ms ovfl timer
2021-08-17T13:38:41.425235+00:00 INFO kernel: [    0.696158] RAPL PMU: hw unit of domain pp0-core 2^-14 Joules
2021-08-17T13:38:41.425236+00:00 INFO kernel: [    0.696162] RAPL PMU: hw unit of domain package 2^-14 Joules
2021-08-17T13:38:41.425241+00:00 INFO kernel: [    0.696165] RAPL PMU: hw unit of domain dram 2^-14 Joules
2021-08-17T13:38:41.425243+00:00 INFO kernel: [    0.696167] RAPL PMU: hw unit of domain pp1-gpu 2^-14 Joules
2021-08-17T13:38:41.425244+00:00 ERR kernel: [    0.696691] kvm: already loaded the other module
2021-08-17T13:38:41.425245+00:00 INFO kernel: [    0.696700] clocksource: tsc: mask: 0xffffffffffffffff max_cycles: 0xfc66f4fc7c, max_idle_ns: 440795224246 ns
2021-08-17T13:38:41.425246+00:00 INFO kernel: [    0.696729] clocksource: Switched to clocksource tsc
2021-08-17T13:38:41.425247+00:00 INFO kernel: [    0.697622] check: Scanning for low memory corruption every 60 seconds
2021-08-17T13:38:41.425254+00:00 NOTICE kernel: [    0.698844] Initialise system trusted keyrings
2021-08-17T13:38:41.425256+00:00 NOTICE kernel: [    0.698874] Key type blacklist registered
2021-08-17T13:38:41.425257+00:00 INFO kernel: [    0.698954] workingset: timestamp_bits=62 max_order=20 bucket_order=0
2021-08-17T13:38:41.425258+00:00 INFO kernel: [    0.703686] squashfs: version 4.0 (2009/01/31) Phillip Lougher
2021-08-17T13:38:41.425259+00:00 INFO kernel: [    0.703933] Registering esdfs 0.2
2021-08-17T13:38:41.425260+00:00 INFO kernel: [    0.704046] alt_syscall: table 'read_write_test' available.
2021-08-17T13:38:41.425268+00:00 INFO kernel: [    0.704074] alt_syscall: table 'android' available.
2021-08-17T13:38:41.425270+00:00 INFO kernel: [    0.704099] alt_syscall: table 'android_permissive' available.
2021-08-17T13:38:41.425271+00:00 INFO kernel: [    0.704120] alt_syscall: table 'third_party' available.
2021-08-17T13:38:41.425272+00:00 INFO kernel: [    0.704140] alt_syscall: table 'third_party_permissive' available.
2021-08-17T13:38:41.425273+00:00 INFO kernel: [    0.704162] alt_syscall: table 'complete' available.
2021-08-17T13:38:41.425274+00:00 INFO kernel: [    0.704181] alt_syscall: table 'complete_permissive' available.
2021-08-17T13:38:41.425275+00:00 NOTICE kernel: [    0.704353] Platform Keyring initialized
2021-08-17T13:38:41.425280+00:00 NOTICE kernel: [    0.713376] Key type asymmetric registered
2021-08-17T13:38:41.425282+00:00 NOTICE kernel: [    0.713380] Asymmetric key parser 'x509' registered
2021-08-17T13:38:41.425283+00:00 INFO kernel: [    0.713399] Block layer SCSI generic (bsg) driver version 0.4 loaded (major 249)
2021-08-17T13:38:41.425284+00:00 INFO kernel: [    0.713403] io scheduler mq-deadline registered
2021-08-17T13:38:41.425285+00:00 INFO kernel: [    0.713406] io scheduler kyber registered
2021-08-17T13:38:41.425286+00:00 INFO kernel: [    0.713474] io scheduler bfq registered
2021-08-17T13:38:41.425298+00:00 INFO kernel: [    0.714199] pcieport 0000:00:13.0: PME: Signaling with IRQ 120
2021-08-17T13:38:41.425300+00:00 INFO kernel: [    0.714736] pcieport 0000:00:14.0: PME: Signaling with IRQ 121
2021-08-17T13:38:41.425302+00:00 INFO kernel: [    0.715175] pcieport 0000:00:14.1: PME: Signaling with IRQ 122
2021-08-17T13:38:41.425303+00:00 DEBUG kernel: [    0.715312] intel_idle: MWAIT substates: 0x11242020
2021-08-17T13:38:41.425304+00:00 DEBUG kernel: [    0.715314] intel_idle: v0.4.1 model 0x7A
2021-08-17T13:38:41.425304+00:00 DEBUG kernel: [    0.716002] intel_idle: lapic_timer_reliable_states 0xffffffff
2021-08-17T13:38:41.425305+00:00 INFO kernel: [    0.716421] ACPI: AC Adapter [AC0] (on-line)
2021-08-17T13:38:41.425310+00:00 INFO kernel: [    0.716606] input: Lid Switch as /devices/LNXSYSTM:00/LNXSYBUS:00/PNP0C0D:00/input/input0
2021-08-17T13:38:41.425311+00:00 INFO kernel: [    0.716671] ACPI: Lid Switch [LID]
2021-08-17T13:38:41.425312+00:00 INFO kernel: [    0.716759] input: Power Button as /devices/LNXSYSTM:00/LNXSYBUS:00/PNP0C0C:00/input/input1
2021-08-17T13:38:41.425313+00:00 INFO kernel: [    0.716815] ACPI: Power Button [PWRB]
2021-08-17T13:38:41.425314+00:00 INFO kernel: [    0.716904] input: Sleep Button as /devices/LNXSYSTM:00/LNXSYBUS:00/PNP0C0E:00/input/input2
2021-08-17T13:38:41.425315+00:00 INFO kernel: [    0.716951] ACPI: Sleep Button [SLPB]
2021-08-17T13:38:41.425320+00:00 WARNING kernel: [    0.722157] ACPI Warning: \_TZ.THRM._PSL: Return Package type mismatch at index 0 - found Integer, expected Reference (20190816/nspredef-258)
2021-08-17T13:38:41.425323+00:00 WARNING kernel: [    0.722171] ACPI: Invalid passive threshold
2021-08-17T13:38:41.425324+00:00 INFO kernel: [    0.722695] thermal LNXTHERM:00: registered as thermal_zone0
2021-08-17T13:38:41.425325+00:00 INFO kernel: [    0.722700] ACPI: Thermal Zone [THRM] (0 C)
2021-08-17T13:38:41.425325+00:00 INFO kernel: [    0.723251] Non-volatile memory driver v1.3
2021-08-17T13:38:41.425326+00:00 INFO kernel: [    0.723448] Linux agpgart interface v0.103
2021-08-17T13:38:41.425333+00:00 DEBUG kernel: [    0.723543] acpi MSFT0101:00: GPIO: looking up 0 in _CRS
2021-08-17T13:38:41.425335+00:00 INFO kernel: [    0.734666] battery: ACPI: Battery Slot [BAT0] (battery present)
2021-08-17T13:38:41.425336+00:00 INFO kernel: [    0.753024] [drm] couldn't get memory information
2021-08-17T13:38:41.425337+00:00 INFO kernel: [    0.753031] [drm] Supports vblank timestamp caching Rev 2 (21.10.2013).
2021-08-17T13:38:41.425338+00:00 INFO kernel: [    0.753035] [drm] Driver supports precise vblank timestamp query.
2021-08-17T13:38:41.425338+00:00 INFO kernel: [    0.775997] [drm] Initialized i915 1.6.0 20200114 for 0000:00:02.0 on minor 0
2021-08-17T13:38:41.425340+00:00 INFO kernel: [    0.778360] ACPI: Video Device [GFX0] (multi-head: yes  rom: no  post: no)
2021-08-17T13:38:41.425344+00:00 INFO kernel: [    0.778985] input: Video Bus as /devices/LNXSYSTM:00/LNXSYBUS:00/PNP0A08:00/LNXVIDEO:00/input/input3
2021-08-17T13:38:41.425346+00:00 INFO kernel: [    0.779435] [drm] Initialized vgem 1.0.0 20120112 for vgem on minor 1
2021-08-17T13:38:41.425347+00:00 INFO kernel: [    0.779491] usbcore: registered new interface driver udl
2021-08-17T13:38:41.425348+00:00 INFO kernel: [    0.783033] loop: module loaded
2021-08-17T13:38:41.425349+00:00 INFO kernel: [    0.783245] lkdtm: No crash points registered, enable through debugfs
2021-08-17T13:38:41.425350+00:00 DEBUG kernel: [    0.784121] ahci 0000:00:12.0: version 3.0
2021-08-17T13:38:41.425356+00:00 INFO kernel: [    0.784534] ahci 0000:00:12.0: AHCI 0001.0301 32 slots 1 ports 6 Gbps 0x1 impl SATA mode
2021-08-17T13:38:41.425358+00:00 INFO kernel: [    0.784544] ahci 0000:00:12.0: flags: 64bit ncq sntf clo only pmp pio slum part deso sadm sds apst 
2021-08-17T13:38:41.425359+00:00 INFO kernel: [    0.785023] scsi host0: ahci
2021-08-17T13:38:41.425360+00:00 INFO kernel: [    0.785196] ata1: SATA max UDMA/133 abar m2048@0xa131b000 port 0xa131b100 irq 124
2021-08-17T13:38:41.425361+00:00 INFO kernel: [    0.785397] PPP generic driver version 2.4.2
2021-08-17T13:38:41.425362+00:00 INFO kernel: [    0.785521] PPP MPPE Compression module registered
2021-08-17T13:38:41.425381+00:00 INFO kernel: [    0.785683] ehci_hcd: USB 2.0 'Enhanced' Host Controller (EHCI) Driver
2021-08-17T13:38:41.425383+00:00 INFO kernel: [    0.785687] ehci-pci: EHCI PCI platform driver
2021-08-17T13:38:41.425384+00:00 INFO kernel: [    0.785713] ohci_hcd: USB 1.1 'Open' Host Controller (OHCI) Driver
2021-08-17T13:38:41.425385+00:00 INFO kernel: [    0.785722] ohci-pci: OHCI PCI platform driver
2021-08-17T13:38:41.425386+00:00 INFO kernel: [    0.785745] uhci_hcd: USB Universal Host Controller Interface driver
2021-08-17T13:38:41.425483+00:00 INFO kernel: [    0.786097] xhci_hcd 0000:00:15.0: xHCI Host Controller
2021-08-17T13:38:41.425490+00:00 INFO kernel: [    0.786191] xhci_hcd 0000:00:15.0: new USB bus registered, assigned bus number 1
2021-08-17T13:38:41.425492+00:00 INFO kernel: [    0.787321] xhci_hcd 0000:00:15.0: hcc params 0x200077c1 hci version 0x100 quirks 0x0000000000009810
2021-08-17T13:38:41.425493+00:00 INFO kernel: [    0.787335] xhci_hcd 0000:00:15.0: cache line size of 64 is not supported
2021-08-17T13:38:41.425494+00:00 INFO kernel: [    0.787709] usb usb1: New USB device found, idVendor=1d6b, idProduct=0002, bcdDevice= 5.04
2021-08-17T13:38:41.425495+00:00 INFO kernel: [    0.787714] usb usb1: New USB device strings: Mfr=3, Product=2, SerialNumber=1
2021-08-17T13:38:41.425496+00:00 INFO kernel: [    0.787719] usb usb1: Product: xHCI Host Controller
2021-08-17T13:38:41.425497+00:00 INFO kernel: [    0.787723] usb usb1: Manufacturer: Linux 5.4.58 xhci-hcd
2021-08-17T13:38:41.425502+00:00 INFO kernel: [    0.787727] usb usb1: SerialNumber: 0000:00:15.0
2021-08-17T13:38:41.425504+00:00 INFO kernel: [    0.788020] hub 1-0:1.0: USB hub found
2021-08-17T13:38:41.425505+00:00 INFO kernel: [    0.788047] hub 1-0:1.0: 9 ports detected
2021-08-17T13:38:41.425506+00:00 INFO kernel: [    0.791047] xhci_hcd 0000:00:15.0: xHCI Host Controller
2021-08-17T13:38:41.425507+00:00 INFO kernel: [    0.791183] xhci_hcd 0000:00:15.0: new USB bus registered, assigned bus number 2
2021-08-17T13:38:41.425508+00:00 INFO kernel: [    0.791192] xhci_hcd 0000:00:15.0: Host supports USB 3.0 SuperSpeed
2021-08-17T13:38:41.425514+00:00 INFO kernel: [    0.791286] usb usb2: New USB device found, idVendor=1d6b, idProduct=0003, bcdDevice= 5.04
2021-08-17T13:38:41.425516+00:00 INFO kernel: [    0.791291] usb usb2: New USB device strings: Mfr=3, Product=2, SerialNumber=1
2021-08-17T13:38:41.425517+00:00 INFO kernel: [    0.791296] usb usb2: Product: xHCI Host Controller
2021-08-17T13:38:41.425518+00:00 INFO kernel: [    0.791300] usb usb2: Manufacturer: Linux 5.4.58 xhci-hcd
2021-08-17T13:38:41.425519+00:00 INFO kernel: [    0.791303] usb usb2: SerialNumber: 0000:00:15.0
2021-08-17T13:38:41.425520+00:00 INFO kernel: [    0.791585] hub 2-0:1.0: USB hub found
2021-08-17T13:38:41.425526+00:00 INFO kernel: [    0.791611] hub 2-0:1.0: 7 ports detected
2021-08-17T13:38:41.425528+00:00 WARNING kernel: [    0.792565] usb: port power management may be unreliable
2021-08-17T13:38:41.425529+00:00 INFO kernel: [    0.793929] usbcore: registered new interface driver cdc_acm
2021-08-17T13:38:41.425530+00:00 INFO kernel: [    0.793933] cdc_acm: USB Abstract Control Model driver for USB modems and ISDN adapters
2021-08-17T13:38:41.425531+00:00 INFO kernel: [    0.794051] usbcore: registered new interface driver uas
2021-08-17T13:38:41.425532+00:00 INFO kernel: [    0.794099] usbcore: registered new interface driver usb-storage
2021-08-17T13:38:41.425533+00:00 INFO kernel: [    0.794120] usbcore: registered new interface driver ums-realtek
2021-08-17T13:38:41.425540+00:00 INFO kernel: [    0.794162] usbcore: registered new interface driver usbserial_generic
2021-08-17T13:38:41.425542+00:00 INFO kernel: [    0.794173] usbserial: USB Serial support registered for generic
2021-08-17T13:38:41.425543+00:00 INFO kernel: [    0.794252] i8042: PNP: PS/2 Controller [PNP0303:PS2K,PNP0f13:PS2M] at 0x60,0x64 irq 1,12
2021-08-17T13:38:41.425544+00:00 INFO kernel: [    0.797053] serio: i8042 KBD port at 0x60,0x64 irq 1
2021-08-17T13:38:41.425545+00:00 INFO kernel: [    0.797133] serio: i8042 AUX port at 0x60,0x64 irq 12
2021-08-17T13:38:41.425546+00:00 INFO kernel: [    0.797874] rtc_cmos 00:06: RTC can wake from S4
2021-08-17T13:38:41.425552+00:00 INFO kernel: [    0.798626] rtc_cmos 00:06: registered as rtc0
2021-08-17T13:38:41.425554+00:00 DEBUG kernel: [    0.798634] rtc_cmos 00:06: GPIO lookup for consumer wp
2021-08-17T13:38:41.425555+00:00 DEBUG kernel: [    0.798637] rtc_cmos 00:06: using ACPI for GPIO lookup
2021-08-17T13:38:41.425556+00:00 DEBUG kernel: [    0.798643] acpi PNP0B00:00: GPIO: looking up wp-gpios
2021-08-17T13:38:41.425564+00:00 DEBUG kernel: [    0.798647] acpi PNP0B00:00: GPIO: looking up wp-gpio
2021-08-17T13:38:41.425566+00:00 DEBUG kernel: [    0.798650] rtc_cmos 00:06: using lookup tables for GPIO lookup
2021-08-17T13:38:41.425567+00:00 DEBUG kernel: [    0.798654] rtc_cmos 00:06: No GPIO consumer wp found
2021-08-17T13:38:41.425573+00:00 INFO kernel: [    0.798691] rtc_cmos 00:06: alarms up to one month, y3k, 242 bytes nvram, hpet irqs
2021-08-17T13:38:41.425576+00:00 INFO kernel: [    0.798719] i2c /dev entries driver
2021-08-17T13:38:41.425577+00:00 INFO kernel: [    0.799411] i801_smbus 0000:00:1f.1: SPD Write Disable is set
2021-08-17T13:38:41.425577+00:00 INFO kernel: [    0.799465] i801_smbus 0000:00:1f.1: SMBus using PCI interrupt
2021-08-17T13:38:41.425578+00:00 INFO kernel: [    0.799751] IR NEC protocol handler initialized
2021-08-17T13:38:41.425579+00:00 INFO kernel: [    0.799755] IR RC5(x/sz) protocol handler initialized
2021-08-17T13:38:41.425586+00:00 INFO kernel: [    0.799757] IR RC6 protocol handler initialized
2021-08-17T13:38:41.425588+00:00 INFO kernel: [    0.799760] IR JVC protocol handler initialized
2021-08-17T13:38:41.425589+00:00 INFO kernel: [    0.799763] IR Sony protocol handler initialized
2021-08-17T13:38:41.425590+00:00 INFO kernel: [    0.799766] IR SANYO protocol handler initialized
2021-08-17T13:38:41.425591+00:00 INFO kernel: [    0.799769] IR Sharp protocol handler initialized
2021-08-17T13:38:41.425592+00:00 INFO kernel: [    0.799771] IR MCE Keyboard/mouse protocol handler initialized
2021-08-17T13:38:41.425597+00:00 INFO kernel: [    0.799774] IR XMP protocol handler initialized
2021-08-17T13:38:41.427251+00:00 INFO kernel: [    0.802166] proc_thermal 0000:00:00.1: Creating sysfs group for PROC_THERMAL_PCI
2021-08-17T13:38:41.427261+00:00 INFO kernel: [    0.802215] iTCO_wdt: Intel TCO WatchDog Timer Driver v1.11
2021-08-17T13:38:41.427262+00:00 INFO kernel: [    0.802238] iTCO_vendor_support: vendor-support=0
2021-08-17T13:38:41.427263+00:00 INFO kernel: [    0.802423] device-mapper: ioctl: 4.41.0-ioctl (2019-09-16) initialised: dm-devel@redhat.com
2021-08-17T13:38:41.427264+00:00 INFO kernel: [    0.802530] device-mapper: verity-chromeos: dm-verity-chromeos registered
2021-08-17T13:38:41.427265+00:00 INFO kernel: [    0.802556] intel_pstate: Intel P-state driver initializing
2021-08-17T13:38:41.427266+00:00 INFO kernel: [    0.803036] sdhci: Secure Digital Host Controller Interface driver
2021-08-17T13:38:41.427268+00:00 INFO kernel: [    0.803041] sdhci: Copyright(c) Pierre Ossman
2021-08-17T13:38:41.427269+00:00 INFO kernel: [    0.803130] sdhci-pci 0000:00:1c.0: SDHCI controller found [8086:31cc] (rev 6)
2021-08-17T13:38:41.427270+00:00 INFO kernel: [    0.803771] input: AT Translated Set 2 keyboard as /devices/platform/i8042/serio0/input/input4
2021-08-17T13:38:41.427271+00:00 INFO kernel: [    0.804441] mmc0: CQHCI version 5.10
2021-08-17T13:38:41.427272+00:00 INFO kernel: [    0.804829] mmc0: SDHCI controller on PCI [0000:00:1c.0] using ADMA 64-bit
2021-08-17T13:38:41.427273+00:00 INFO kernel: [    0.804879] sdhci-pci 0000:00:1e.0: SDHCI controller found [8086:31d0] (rev 6)
2021-08-17T13:38:41.427274+00:00 INFO kernel: [    0.805690] mmc1: SDHCI controller on PCI [0000:00:1e.0] using ADMA 64-bit
2021-08-17T13:38:41.427275+00:00 ERR kernel: [    0.806572] Driver 'memconsole' was unable to register with bus_type 'coreboot' because the bus was not initialized.
2021-08-17T13:38:41.427277+00:00 ERR kernel: [    0.806577] Driver 'vpd' was unable to register with bus_type 'coreboot' because the bus was not initialized.
2021-08-17T13:38:41.427278+00:00 INFO kernel: [    0.806583] EFI Variables Facility v0.08 2004-May-17
2021-08-17T13:38:41.427279+00:00 INFO kernel: [    0.822807] pstore: Registered efi as persistent store backend
2021-08-17T13:38:41.427280+00:00 INFO kernel: [    0.822821] hidraw: raw HID events driver (C) Jiri Kosina
2021-08-17T13:38:41.427281+00:00 INFO kernel: [    0.822954] usbcore: registered new interface driver usbhid
2021-08-17T13:38:41.427282+00:00 INFO kernel: [    0.822956] usbhid: USB HID core driver
2021-08-17T13:38:41.427283+00:00 INFO kernel: [    0.823037] ashmem: initialized
2021-08-17T13:38:41.427284+00:00 ERR kernel: [    0.823611] cros_ec_lpcs: unsupported system.
2021-08-17T13:38:41.427286+00:00 INFO kernel: [    0.823725] intel_rapl_common: Found RAPL domain package
2021-08-17T13:38:41.427287+00:00 INFO kernel: [    0.823729] intel_rapl_common: Found RAPL domain core
2021-08-17T13:38:41.427288+00:00 INFO kernel: [    0.823731] intel_rapl_common: Found RAPL domain uncore
2021-08-17T13:38:41.427289+00:00 INFO kernel: [    0.823734] intel_rapl_common: Found RAPL domain dram
2021-08-17T13:38:41.427289+00:00 INFO kernel: [    0.824314] GACT probability NOT on
2021-08-17T13:38:41.427290+00:00 INFO kernel: [    0.824588] xt_time: kernel timezone is -0000
2021-08-17T13:38:41.427291+00:00 INFO kernel: [    0.824719] Initializing XFRM netlink socket
2021-08-17T13:38:41.427292+00:00 INFO kernel: [    0.824877] NET: Registered protocol family 10
2021-08-17T13:38:41.427293+00:00 INFO kernel: [    0.825127] Segment Routing with IPv6
2021-08-17T13:38:41.427295+00:00 INFO kernel: [    0.825198] NET: Registered protocol family 17
2021-08-17T13:38:41.427295+00:00 INFO kernel: [    0.825206] NET: Registered protocol family 15
2021-08-17T13:38:41.427296+00:00 INFO kernel: [    0.825729] microcode: sig=0x706a8, pf=0x1, revision=0x18
2021-08-17T13:38:41.427297+00:00 INFO kernel: [    0.825883] microcode: Microcode Update Driver: v2.2.
2021-08-17T13:38:41.427298+00:00 INFO kernel: [    0.825887] IPI shorthand broadcast: enabled
2021-08-17T13:38:41.427299+00:00 INFO kernel: [    0.825898] SSE version of gcm_enc/dec engaged.
2021-08-17T13:38:41.427300+00:00 INFO kernel: [    0.826745] sched_clock: Marking stable (822779272, 3959416)->(828197162, -1458474)
2021-08-17T13:38:41.427302+00:00 INFO kernel: [    0.826813] registered taskstats version 1
2021-08-17T13:38:41.427303+00:00 NOTICE kernel: [    0.826815] Loading compiled-in X.509 certificates
2021-08-17T13:38:41.427304+00:00 NOTICE kernel: [    0.827746] Loaded X.509 cert 'Build time autogenerated kernel key: 89b974d3ec624ca47dae7a17582b3be200f8a30c'
2021-08-17T13:38:41.427305+00:00 NOTICE kernel: [    0.827763] Key type ._fscrypt registered
2021-08-17T13:38:41.427306+00:00 NOTICE kernel: [    0.827764] Key type .fscrypt registered
2021-08-17T13:38:41.427307+00:00 INFO kernel: [    0.827870] pstore: Using crash dump compression: deflate
2021-08-17T13:38:41.427308+00:00 NOTICE kernel: [    0.828091] Key type encrypted registered
2021-08-17T13:38:41.427309+00:00 INFO kernel: [    0.828620] integrity: Loading X.509 certificate: UEFI:db
2021-08-17T13:38:41.427310+00:00 NOTICE kernel: [    0.828954] integrity: Loaded X.509 cert 'PegaSW2: 937c088519dcffa941ca83696f244f8c'
2021-08-17T13:38:41.427311+00:00 INFO kernel: [    0.828956] integrity: Loading X.509 certificate: UEFI:db
2021-08-17T13:38:41.427312+00:00 NOTICE kernel: [    0.828982] integrity: Loaded X.509 cert 'Microsoft Corporation UEFI CA 2011: 13adbf4309bd82709c8cd54f316ed522988a1bd4'
2021-08-17T13:38:41.427313+00:00 INFO kernel: [    0.828983] integrity: Loading X.509 certificate: UEFI:db
2021-08-17T13:38:41.427314+00:00 NOTICE kernel: [    0.829005] integrity: Loaded X.509 cert 'Microsoft Windows Production PCA 2011: a92902398e16c49778cd90f99e4f9ae17c55af53'
2021-08-17T13:38:41.427316+00:00 INFO kernel: [    0.830676] PM:   Magic number: 1:250:635
2021-08-17T13:38:41.427316+00:00 INFO kernel: [    0.830879] ALSA device list:
2021-08-17T13:38:41.427317+00:00 INFO kernel: [    0.830881]   No soundcards found.
2021-08-17T13:38:41.427318+00:00 ERR kernel: [    0.830901] Warning: unable to open an initial console.
2021-08-17T13:38:41.427319+00:00 INFO kernel: [    0.898604] mmc0: Command Queue Engine enabled
2021-08-17T13:38:41.427330+00:00 INFO kernel: [    0.898616] mmc0: new HS400 MMC card at address 0001
2021-08-17T13:38:41.427332+00:00 INFO kernel: [    0.898942] mmcblk0: mmc0:0001 TA2864 58.3 GiB 
2021-08-17T13:38:41.427333+00:00 INFO kernel: [    0.899052] mmcblk0boot0: mmc0:0001 TA2864 partition 1 4.00 MiB
2021-08-17T13:38:41.427334+00:00 INFO kernel: [    0.899155] mmcblk0boot1: mmc0:0001 TA2864 partition 2 4.00 MiB
2021-08-17T13:38:41.427335+00:00 INFO kernel: [    0.899279] mmcblk0rpmb: mmc0:0001 TA2864 partition 3 4.00 MiB, chardev (245:0)
2021-08-17T13:38:41.427337+00:00 INFO kernel: [    0.902486]  mmcblk0: p1 p2 p3 p4 p5 p6 p7 p8 p9 p10 p11 p12
2021-08-17T13:38:41.427343+00:00 INFO kernel: [    1.094164] ata1: SATA link down (SStatus 4 SControl 300)
2021-08-17T13:38:41.427346+00:00 INFO kernel: [    1.113633] usb 1-6: new high-speed USB device number 2 using xhci_hcd
2021-08-17T13:38:41.427347+00:00 INFO kernel: [    1.114603] EXT4-fs (mmcblk0p3): mounting ext2 file system using the ext4 subsystem
2021-08-17T13:38:41.427348+00:00 INFO kernel: [    1.116617] EXT4-fs (mmcblk0p3): mounted filesystem without journal. Opts: (null)
2021-08-17T13:38:41.427428+00:00 INFO kernel: [    1.116655] VFS: Mounted root (ext2 filesystem) readonly on device 179:3.
2021-08-17T13:38:41.427430+00:00 INFO kernel: [    1.118111] devtmpfs: mounted
2021-08-17T13:38:41.427431+00:00 INFO kernel: [    1.121930] Freeing unused kernel image memory: 1680K
2021-08-17T13:38:41.427438+00:00 INFO kernel: [    1.121938] Write protecting the kernel read-only data: 20480k
2021-08-17T13:38:41.427441+00:00 INFO kernel: [    1.123276] Freeing unused kernel image memory: 1992K
2021-08-17T13:38:41.427442+00:00 INFO kernel: [    1.123379] Freeing unused kernel image memory: 72K
2021-08-17T13:38:41.427443+00:00 INFO kernel: [    1.123383] Run /sbin/init as init process
2021-08-17T13:38:41.427444+00:00 NOTICE kernel: [    1.128178] random: fast init done
2021-08-17T13:38:41.427445+00:00 INFO kernel: [    1.147578] psmouse serio1: elantech: assuming hardware version 4 (with firmware version 0x5e1f00)
2021-08-17T13:38:41.427450+00:00 INFO kernel: [    1.161874] psmouse serio1: elantech: Synaptics capabilities query result 0x10, 0x15, 0x0d.
2021-08-17T13:38:41.427452+00:00 NOTICE kernel: [    1.168935] audit: type=1404 audit(1629207518.744:2): enforcing=1 old_enforcing=0 auid=4294967295 ses=4294967295 enabled=1 old-enabled=1 lsm=selinux res=1
2021-08-17T13:38:41.427453+00:00 INFO kernel: [    1.176683] psmouse serio1: elantech: Elan sample query result 04, 49, 96
2021-08-17T13:38:41.427454+00:00 WARNING kernel: [    1.187423] i915 0000:00:02.0: Direct firmware load for i915/glk_dmc_ver1_04.bin failed with error -2
2021-08-17T13:38:41.427455+00:00 NOTICE kernel: [    1.187434] i915 0000:00:02.0: Failed to load DMC firmware i915/glk_dmc_ver1_04.bin. Disabling runtime power management.
2021-08-17T13:38:41.427457+00:00 NOTICE kernel: [    1.187440] i915 0000:00:02.0: DMC firmware homepage: https://git.kernel.org/pub/scm/linux/kernel/git/firmware/linux-firmware.git/tree/i915
2021-08-17T13:38:41.427465+00:00 INFO kernel: [    1.192077] SELinux:  Permission watch in class filesystem not defined in policy.
2021-08-17T13:38:41.427467+00:00 INFO kernel: [    1.192085] SELinux:  Permission watch in class file not defined in policy.
2021-08-17T13:38:41.427469+00:00 INFO kernel: [    1.192087] SELinux:  Permission watch_mount in class file not defined in policy.
2021-08-17T13:38:41.427470+00:00 INFO kernel: [    1.192089] SELinux:  Permission watch_sb in class file not defined in policy.
2021-08-17T13:38:41.427471+00:00 INFO kernel: [    1.192091] SELinux:  Permission watch_with_perm in class file not defined in policy.
2021-08-17T13:38:41.427472+00:00 INFO kernel: [    1.192093] SELinux:  Permission watch_reads in class file not defined in policy.
2021-08-17T13:38:41.427478+00:00 INFO kernel: [    1.192099] SELinux:  Permission watch in class dir not defined in policy.
2021-08-17T13:38:41.427480+00:00 INFO kernel: [    1.192101] SELinux:  Permission watch_mount in class dir not defined in policy.
2021-08-17T13:38:41.427482+00:00 INFO kernel: [    1.192102] SELinux:  Permission watch_sb in class dir not defined in policy.
2021-08-17T13:38:41.427483+00:00 INFO kernel: [    1.192104] SELinux:  Permission watch_with_perm in class dir not defined in policy.
2021-08-17T13:38:41.427484+00:00 INFO kernel: [    1.192106] SELinux:  Permission watch_reads in class dir not defined in policy.
2021-08-17T13:38:41.427485+00:00 INFO kernel: [    1.192113] SELinux:  Permission watch in class lnk_file not defined in policy.
2021-08-17T13:38:41.427486+00:00 INFO kernel: [    1.192115] SELinux:  Permission watch_mount in class lnk_file not defined in policy.
2021-08-17T13:38:41.427491+00:00 INFO kernel: [    1.192116] SELinux:  Permission watch_sb in class lnk_file not defined in policy.
2021-08-17T13:38:41.427493+00:00 INFO kernel: [    1.192118] SELinux:  Permission watch_with_perm in class lnk_file not defined in policy.
2021-08-17T13:38:41.427494+00:00 INFO kernel: [    1.192120] SELinux:  Permission watch_reads in class lnk_file not defined in policy.
2021-08-17T13:38:41.427495+00:00 INFO kernel: [    1.192125] SELinux:  Permission watch in class chr_file not defined in policy.
2021-08-17T13:38:41.427496+00:00 INFO kernel: [    1.192127] SELinux:  Permission watch_mount in class chr_file not defined in policy.
2021-08-17T13:38:41.427497+00:00 INFO kernel: [    1.192128] SELinux:  Permission watch_sb in class chr_file not defined in policy.
2021-08-17T13:38:41.427503+00:00 INFO kernel: [    1.192130] SELinux:  Permission watch_with_perm in class chr_file not defined in policy.
2021-08-17T13:38:41.427505+00:00 INFO kernel: [    1.192132] SELinux:  Permission watch_reads in class chr_file not defined in policy.
2021-08-17T13:38:41.427506+00:00 INFO kernel: [    1.192137] SELinux:  Permission watch in class blk_file not defined in policy.
2021-08-17T13:38:41.427507+00:00 INFO kernel: [    1.192138] SELinux:  Permission watch_mount in class blk_file not defined in policy.
2021-08-17T13:38:41.427508+00:00 INFO kernel: [    1.192140] SELinux:  Permission watch_sb in class blk_file not defined in policy.
2021-08-17T13:38:41.427509+00:00 INFO kernel: [    1.192142] SELinux:  Permission watch_with_perm in class blk_file not defined in policy.
2021-08-17T13:38:41.427511+00:00 INFO kernel: [    1.192144] SELinux:  Permission watch_reads in class blk_file not defined in policy.
2021-08-17T13:38:41.427517+00:00 INFO kernel: [    1.192149] SELinux:  Permission watch in class sock_file not defined in policy.
2021-08-17T13:38:41.427519+00:00 INFO kernel: [    1.192150] SELinux:  Permission watch_mount in class sock_file not defined in policy.
2021-08-17T13:38:41.427521+00:00 INFO kernel: [    1.192152] SELinux:  Permission watch_sb in class sock_file not defined in policy.
2021-08-17T13:38:41.427522+00:00 INFO kernel: [    1.192154] SELinux:  Permission watch_with_perm in class sock_file not defined in policy.
2021-08-17T13:38:41.427523+00:00 INFO kernel: [    1.192156] SELinux:  Permission watch_reads in class sock_file not defined in policy.
2021-08-17T13:38:41.427524+00:00 INFO kernel: [    1.192160] SELinux:  Permission watch in class fifo_file not defined in policy.
2021-08-17T13:38:41.427528+00:00 INFO kernel: [    1.192162] SELinux:  Permission watch_mount in class fifo_file not defined in policy.
2021-08-17T13:38:41.427530+00:00 INFO kernel: [    1.192164] SELinux:  Permission watch_sb in class fifo_file not defined in policy.
2021-08-17T13:38:41.427531+00:00 INFO kernel: [    1.192166] SELinux:  Permission watch_with_perm in class fifo_file not defined in policy.
2021-08-17T13:38:41.427532+00:00 INFO kernel: [    1.192168] SELinux:  Permission watch_reads in class fifo_file not defined in policy.
2021-08-17T13:38:41.427534+00:00 INFO kernel: [    1.192209] SELinux:  Permission nlmsg_readpriv in class netlink_route_socket not defined in policy.
2021-08-17T13:38:41.427535+00:00 INFO kernel: [    1.192282] SELinux:  Permission name_connect in class sctp_socket not defined in policy.
2021-08-17T13:38:41.427541+00:00 INFO kernel: [    1.192284] SELinux:  Permission association in class sctp_socket not defined in policy.
2021-08-17T13:38:41.427543+00:00 INFO kernel: [    1.192362] SELinux:  Class infiniband_pkey not defined in policy.
2021-08-17T13:38:41.427545+00:00 INFO kernel: [    1.192364] SELinux:  Class infiniband_endport not defined in policy.
2021-08-17T13:38:41.427546+00:00 INFO kernel: [    1.192366] SELinux:  Class xdp_socket not defined in policy.
2021-08-17T13:38:41.427547+00:00 INFO kernel: [    1.192368] SELinux: the above unknown classes and permissions will be denied
2021-08-17T13:38:41.427548+00:00 INFO kernel: [    1.192372] SELinux:  policy capability network_peer_controls=0
2021-08-17T13:38:41.427549+00:00 INFO kernel: [    1.192374] SELinux:  policy capability open_perms=0
2021-08-17T13:38:41.427555+00:00 INFO kernel: [    1.192375] SELinux:  policy capability extended_socket_class=0
2021-08-17T13:38:41.427570+00:00 INFO kernel: [    1.192377] SELinux:  policy capability always_check_network=0
2021-08-17T13:38:41.427572+00:00 INFO kernel: [    1.192379] SELinux:  policy capability cgroup_seclabel=0
2021-08-17T13:38:41.427573+00:00 INFO kernel: [    1.192380] SELinux:  policy capability nnp_nosuid_transition=1
2021-08-17T13:38:41.427574+00:00 NOTICE kernel: [    1.220721] audit: type=1403 audit(1629207518.796:3): auid=4294967295 ses=4294967295 lsm=selinux res=1
2021-08-17T13:38:41.427575+00:00 NOTICE kernel: [    1.225408] audit: type=1400 audit(1629207518.800:4): avc:  denied  { relabelfrom } for  pid=1 comm="init" name="snd" dev="devtmpfs" ino=1105 scontext=u:r:kernel:s0 tcontext=u:object_r:device:s0 tclass=dir permissive=1
2021-08-17T13:38:41.427583+00:00 NOTICE kernel: [    1.225435] audit: type=1400 audit(1629207518.800:5): avc:  denied  { relabelto } for  pid=1 comm="init" name="snd" dev="devtmpfs" ino=1105 scontext=u:r:kernel:s0 tcontext=u:object_r:audio_device:s0 tclass=dir permissive=1
2021-08-17T13:38:41.427586+00:00 NOTICE kernel: [    1.225474] audit: type=1400 audit(1629207518.800:6): avc:  denied  { read } for  pid=1 comm="init" name="snd" dev="devtmpfs" ino=1105 scontext=u:r:kernel:s0 tcontext=u:object_r:audio_device:s0 tclass=dir permissive=1
2021-08-17T13:38:41.427587+00:00 NOTICE kernel: [    1.225496] audit: type=1400 audit(1629207518.800:7): avc:  denied  { getattr } for  pid=1 comm="init" path="/dev/snd" dev="devtmpfs" ino=1105 scontext=u:r:kernel:s0 tcontext=u:object_r:audio_device:s0 tclass=dir permissive=1
2021-08-17T13:38:41.427589+00:00 NOTICE kernel: [    1.225528] audit: type=1400 audit(1629207518.800:8): avc:  denied  { search } for  pid=1 comm="init" name="snd" dev="devtmpfs" ino=1105 scontext=u:r:kernel:s0 tcontext=u:object_r:audio_device:s0 tclass=dir permissive=1
2021-08-17T13:38:41.427595+00:00 NOTICE kernel: [    1.225785] audit: type=1400 audit(1629207518.801:9): avc:  denied  { relabelto } for  pid=1 comm="init" name="input" dev="devtmpfs" ino=1085 scontext=u:r:kernel:s0 tcontext=u:object_r:input_device:s0 tclass=dir permissive=1
2021-08-17T13:38:41.427597+00:00 NOTICE kernel: [    1.225817] audit: type=1400 audit(1629207518.801:10): avc:  denied  { read } for  pid=1 comm="init" name="input" dev="devtmpfs" ino=1085 scontext=u:r:kernel:s0 tcontext=u:object_r:input_device:s0 tclass=dir permissive=1
2021-08-17T13:38:41.427599+00:00 INFO kernel: [    1.226159] SELinux:  Context u:object_r:usb_device:s0 is not valid (left unmapped).
2021-08-17T13:38:41.427600+00:00 INFO kernel: [    1.252775] input: ETPS/2 Elantech Touchpad as /devices/platform/i8042/serio1/input/input6
2021-08-17T13:38:41.427601+00:00 NOTICE kernel: [    1.286553] random: init: uninitialized urandom read (12 bytes read)
2021-08-17T13:38:41.427602+00:00 INFO kernel: [    1.286717] usb 1-6: New USB device found, idVendor=04f2, idProduct=b5c6, bcdDevice=10.32
2021-08-17T13:38:41.427611+00:00 INFO kernel: [    1.286721] usb 1-6: New USB device strings: Mfr=3, Product=1, SerialNumber=2
2021-08-17T13:38:41.427613+00:00 INFO kernel: [    1.286725] usb 1-6: Product: USB2.0 HD UVC WebCam
2021-08-17T13:38:41.427614+00:00 INFO kernel: [    1.286727] usb 1-6: Manufacturer: Chicony Electronics Co.,Ltd.
2021-08-17T13:38:41.427615+00:00 INFO kernel: [    1.286730] usb 1-6: SerialNumber: 200901010001
2021-08-17T13:38:41.427616+00:00 INFO kernel: [    1.404626] usb 1-7: new high-speed USB device number 3 using xhci_hcd
2021-08-17T13:38:41.427622+00:00 INFO kernel: [    1.504686] udevd[154]: starting version 225
2021-08-17T13:38:41.427668+00:00 NOTICE kernel: [    1.512383] random: udevadm: uninitialized urandom read (16 bytes read)
2021-08-17T13:38:41.427670+00:00 NOTICE kernel: [    1.512410] random: udevadm: uninitialized urandom read (16 bytes read)
2021-08-17T13:38:41.427672+00:00 INFO kernel: [    1.520576] NMI watchdog: Enabled. Permanently consumes one hw-PMU counter.
2021-08-17T13:38:41.427673+00:00 INFO kernel: [    1.531031] usb 1-7: New USB device found, idVendor=0bda, idProduct=0129, bcdDevice=39.60
2021-08-17T13:38:41.427674+00:00 INFO kernel: [    1.531036] usb 1-7: New USB device strings: Mfr=1, Product=2, SerialNumber=3
2021-08-17T13:38:41.427675+00:00 INFO kernel: [    1.531039] usb 1-7: Product: USB2.0-CRW
2021-08-17T13:38:41.427682+00:00 INFO kernel: [    1.531041] usb 1-7: Manufacturer: Generic
2021-08-17T13:38:41.427684+00:00 INFO kernel: [    1.531044] usb 1-7: SerialNumber: 20100201396000000
2021-08-17T13:38:41.427685+00:00 WARNING kernel: [    1.546191] SafeSetID: insecure policy detected: uid 213 is constrained but transitively unconstrained through uid 307
2021-08-17T13:38:41.427686+00:00 WARNING kernel: [    1.546195] SafeSetID: insecure policy detected: uid 213 is constrained but transitively unconstrained through uid 300
2021-08-17T13:38:41.427688+00:00 WARNING kernel: [    1.546197] SafeSetID: insecure policy detected: uid 213 is constrained but transitively unconstrained through uid 305
2021-08-17T13:38:41.427689+00:00 WARNING kernel: [    1.546199] SafeSetID: insecure policy detected: uid 213 is constrained but transitively unconstrained through uid 309
2021-08-17T13:38:41.427694+00:00 WARNING kernel: [    1.546201] SafeSetID: insecure policy detected: uid 213 is constrained but transitively unconstrained through uid 308
2021-08-17T13:38:41.427695+00:00 WARNING kernel: [    1.546203] SafeSetID: insecure policy detected: uid 213 is constrained but transitively unconstrained through uid 302
2021-08-17T13:38:41.427697+00:00 WARNING kernel: [    1.546205] SafeSetID: insecure policy detected: uid 213 is constrained but transitively unconstrained through uid 1000
2021-08-17T13:38:41.427698+00:00 INFO kernel: [    1.645632] usb 1-8: new full-speed USB device number 4 using xhci_hcd
2021-08-17T13:38:41.427699+00:00 INFO kernel: [    1.747256] LoadPin: mmcblk0p3 (179:3): writable
2021-08-17T13:38:41.427705+00:00 INFO kernel: [    1.747269] LoadPin: enforcement can be disabled.
2021-08-17T13:38:41.427708+00:00 NOTICE kernel: [    1.747289] LoadPin: kernel-module pinned obj="/lib/modules/5.4.58/kernel/drivers/input/joydev.ko" pid=202 cmdline="udevd --daemon"
2021-08-17T13:38:41.427709+00:00 INFO kernel: [    1.772455] usb 1-8: New USB device found, idVendor=8087, idProduct=0025, bcdDevice= 0.02
2021-08-17T13:38:41.427710+00:00 INFO kernel: [    1.772461] usb 1-8: New USB device strings: Mfr=0, Product=0, SerialNumber=0
2021-08-17T13:38:41.427711+00:00 INFO kernel: [    1.954532] EXT4-fs (mmcblk0p1): mounted filesystem with ordered data mode. Opts: commit=600
2021-08-17T13:38:41.427712+00:00 INFO kernel: [    1.958379] EXT4-fs (mmcblk0p8): mounted filesystem with ordered data mode. Opts: (null)
2021-08-17T13:38:41.427718+00:00 NOTICE kernel: [    2.292237] random: crng init done
2021-08-17T13:38:41.427720+00:00 NOTICE kernel: [    2.292241] random: 7 urandom warning(s) missed due to ratelimiting
2021-08-17T13:38:41.427721+00:00 INFO kernel: [    2.511030] EXT4-fs (dm-0): mounted filesystem with ordered data mode. Opts: discard,commit=600
2021-08-17T13:38:41.427722+00:00 INFO kernel: [    2.514119] EXT4-fs (dm-0): resizing filesystem from 4096 to 4158428 blocks
2021-08-17T13:38:41.427723+00:00 INFO kernel: [    2.529248] EXT4-fs (dm-0): resized filesystem to 4158428
2021-08-17T13:38:41.427724+00:00 INFO kernel: [    2.650184] frecon[351]: Frecon using drm driver i915, version 1.6, date(20200114), desc(Intel Graphics) using atomic
2021-08-17T13:38:41.427729+00:00 DEBUG kernel: [    2.656182] frecon[351]: tsm_screen: new screen
2021-08-17T13:38:41.427731+00:00 DEBUG kernel: [    2.656196] frecon[351]: tsm_vte: new vte object
2021-08-17T13:38:41.427732+00:00 DEBUG kernel: [    2.662566] frecon[351]: tsm_screen: new screen
2021-08-17T13:38:41.427733+00:00 DEBUG kernel: [    2.662582] frecon[351]: tsm_vte: new vte object
2021-08-17T13:38:41.427734+00:00 DEBUG kernel: [    2.669175] frecon[351]: tsm_screen: new screen
2021-08-17T13:38:41.427735+00:00 DEBUG kernel: [    2.669188] frecon[351]: tsm_vte: new vte object
2021-08-17T13:38:41.427736+00:00 INFO kernel: [    2.670413] SELinux:  Context u:object_r:debugfs_sw_sync:s0 is not valid (left unmapped).
2021-08-17T13:38:41.427741+00:00 DEBUG kernel: [    2.675540] frecon[351]: tsm_screen: new screen
2021-08-17T13:38:41.427743+00:00 DEBUG kernel: [    2.675563] frecon[351]: tsm_vte: new vte object
2021-08-17T13:38:41.427744+00:00 INFO kernel: [    2.707886] frecon[351]: Frecon using drm driver i915, version 1.6, date(20200114), desc(Intel Graphics) using atomic
2021-08-17T13:38:41.427745+00:00 INFO kernel: [    2.765949] EXT4-fs (mmcblk0p1): re-mounted. Opts: resgid=20119,commit=600
2021-08-17T13:38:41.427746+00:00 INFO kernel: [    2.849540] low_mem: threshold[0] 195 MB
2021-08-17T13:38:41.427747+00:00 INFO kernel: [    2.849544] low_mem: threshold[1] 1502 MB
2021-08-17T13:38:41.427754+00:00 NOTICE kernel: [    2.878456] systemd-journald[482]: Running without systemd.
2021-08-17T13:38:41.427756+00:00 INFO kernel: [    2.906008] zram: Added device: zram0
2021-08-17T13:38:41.427757+00:00 INFO kernel: [    2.913386] systemd-journald[482]: Received request to flush runtime journal from PID 550
2021-08-17T13:38:41.427758+00:00 INFO kernel: [    2.972766] zram0: detected capacity change from 0 to 5770178560
2021-08-17T13:38:41.427759+00:00 INFO kernel: [    3.003562] Adding 5634936k swap on /dev/zram0.  Priority:-2 extents:1 across:5634936k SS
2021-08-17T13:38:41.542622+00:00 INFO kernel: [    3.139328] usbcore: registered new interface driver rtsx_usb
2021-08-17T13:38:41.559586+00:00 INFO kernel: [    3.155942] Bluetooth: bt_init() Core ver 2.22
2021-08-17T13:38:41.560597+00:00 INFO kernel: [    3.156747] NET: Registered protocol family 31
2021-08-17T13:38:41.560607+00:00 INFO kernel: [    3.156750] Bluetooth: bt_init() HCI device and connection manager initialized
2021-08-17T13:38:41.560609+00:00 INFO kernel: [    3.156756] Bluetooth: hci_sock_init() HCI socket layer initialized
2021-08-17T13:38:41.560611+00:00 INFO kernel: [    3.156760] Bluetooth: l2cap_init_sockets() L2CAP socket layer initialized
2021-08-17T13:38:41.560612+00:00 INFO kernel: [    3.156770] Bluetooth: sco_init() SCO socket layer initialized
2021-08-17T13:38:41.571601+00:00 DEBUG kernel: [    3.168497] usb 1-8: GPIO lookup for consumer reset
2021-08-17T13:38:41.571627+00:00 DEBUG kernel: [    3.168501] usb 1-8: using ACPI for GPIO lookup
2021-08-17T13:38:41.571629+00:00 DEBUG kernel: [    3.168505] acpi device:17: GPIO: looking up reset-gpios
2021-08-17T13:38:41.571631+00:00 DEBUG kernel: [    3.168508] acpi device:17: GPIO: looking up reset-gpio
2021-08-17T13:38:41.571633+00:00 DEBUG kernel: [    3.168509] usb 1-8: using lookup tables for GPIO lookup
2021-08-17T13:38:41.571634+00:00 DEBUG kernel: [    3.168511] usb 1-8: No GPIO consumer reset found
2021-08-17T13:38:41.573578+00:00 INFO kernel: [    3.169684] usbcore: registered new interface driver btusb
2021-08-17T13:38:41.574577+00:00 INFO kernel: [    3.170765] Bluetooth: btintel_version_info() hci0: Bootloader revision 0.1 build 42 week 52 2015
2021-08-17T13:38:41.575585+00:00 INFO kernel: [    3.171773] Bluetooth: btintel_read_boot_params() hci0: Device revision is 2
2021-08-17T13:38:41.575593+00:00 INFO kernel: [    3.171776] Bluetooth: btintel_read_boot_params() hci0: Secure boot is enabled
2021-08-17T13:38:41.575595+00:00 INFO kernel: [    3.171778] Bluetooth: btintel_read_boot_params() hci0: OTP lock is enabled
2021-08-17T13:38:41.575596+00:00 INFO kernel: [    3.171780] Bluetooth: btintel_read_boot_params() hci0: API lock is enabled
2021-08-17T13:38:41.575597+00:00 INFO kernel: [    3.171782] Bluetooth: btintel_read_boot_params() hci0: Debug lock is disabled
2021-08-17T13:38:41.575600+00:00 INFO kernel: [    3.171784] Bluetooth: btintel_read_boot_params() hci0: Minimum firmware build 1 week 10 2014
2021-08-17T13:38:41.581615+00:00 INFO kernel: [    3.177962] Bluetooth: btusb_setup_intel_new() hci0: Found device firmware: intel/ibt-18-16-1.sfi
2021-08-17T13:38:42.960582+00:00 INFO kernel: [    4.557496] Bluetooth: btusb_setup_intel_new() hci0: Waiting for firmware download to complete
2021-08-17T13:38:42.961568+00:00 INFO kernel: [    4.557745] Bluetooth: btusb_setup_intel_new() hci0: Firmware loaded in 1355628 usecs
2021-08-17T13:38:42.961574+00:00 INFO kernel: [    4.557821] Bluetooth: btusb_setup_intel_new() hci0: Waiting for device to boot
2021-08-17T13:38:42.974608+00:00 INFO kernel: [    4.570784] Bluetooth: btusb_setup_intel_new() hci0: Device booted in 12679 usecs
2021-08-17T13:38:42.974616+00:00 INFO kernel: [    4.571104] Bluetooth: btintel_load_ddc_config() hci0: Found Intel DDC parameters: intel/ibt-18-16-1.ddc
2021-08-17T13:38:42.976604+00:00 INFO kernel: [    4.572771] Bluetooth: btintel_load_ddc_config() hci0: Applying Intel DDC parameters completed
2021-08-17T13:38:59.388067+00:00 NOTICE tpm-probe[787]: tpm is non-functional or tpm driver is missing
2021-08-17T13:38:59.396955+00:00 WARNING imageloader[767]: Could not read key file /usr/share/misc/oci-container-key-pub.der
2021-08-17T13:38:59.400276+00:00 INFO imageloader[767]: The latest-version file does not exist. Component PepperFlashPlayer is probably not installed.
2021-08-17T13:38:59.447420+00:00 NOTICE tcsd-pre-start[823]: WARNING: Non-zero dictionary attack counter found: 100
2021-08-17T13:38:59.488504+00:00 ERR tcsd[830]: TSS: Could not find a device to open!
2021-08-17T13:38:59.521280+00:00 ERR session_manager[837]: [ERROR:chromium_command_builder.cc(569)] Unable to create /run/debugfs_gpu: No such file or directory (2)
2021-08-17T13:38:59.523447+00:00 WARNING session_manager[837]: [WARNING:chrome_setup.cc(151)] Could not find both paths: /usr/share/chromeos-assets/wallpaper/guest_large.jpg and /usr/share/chromeos-assets/wallpaper/guest_small.jpg
